BL51 BANKED LINKER/LOCATER V6.22                                                        09/11/2026  14:00:23  PAGE 1


BL51 BANKED LINKER/LOCATER V6.22, INVOKED BY:
D:\KEIL5\C51\BIN\BL51.EXE .\Objects\STARTUP.obj, .\Objects\main.obj TO .\Objects\01_ws PRINT (.\Listings\01_ws.m51) RAMS
>> IZE (256)


MEMORY MODEL: SMALL


INPUT MODULES INCLUDED:
  .\Objects\STARTUP.obj (?C_STARTUP)
  .\Objects\main.obj (MAIN)


LINK MAP OF MODULE:  .\Objects\01_ws (?C_STARTUP)


            TYPE    BASE      LENGTH    RELOCATION   SEGMENT NAME
            -----------------------------------------------------

            * * * * * * *   D A T A   M E M O R Y   * * * * * * *
            REG     0000H     0008H     ABSOLUTE     "REG BANK 0"
            IDATA   0008H     0001H     UNIT         ?STACK

            * * * * * * *   C O D E   M E M O R Y   * * * * * * *
            CODE    0000H     0003H     ABSOLUTE     
                    0003H     07FDH                  *** GAP ***
            CODE    0800H     0058H     UNIT         ?PR?MAIN?MAIN
            CODE    0858H     0010H     UNIT         ?CO?MAIN
            CODE    0868H     000CH     UNIT         ?C_C51STARTUP
            CODE    0874H     000BH     UNIT         ?PR?_DELAY?MAIN



OVERLAY MAP OF MODULE:   .\Objects\01_ws (?C_STARTUP)


SEGMENT
  +--> CALLED SEGMENT
---------------------
?C_C51STARTUP
  +--> ?PR?MAIN?MAIN

?PR?MAIN?MAIN
  +--> ?CO?MAIN
  +--> ?PR?_DELAY?MAIN



SYMBOL TABLE OF MODULE:  .\Objects\01_ws (?C_STARTUP)

  VALUE           TYPE          NAME
  ----------------------------------

  -------         MODULE        ?C_STARTUP
  C:0868H         SEGMENT       ?C_C51STARTUP
  I:0008H         SEGMENT       ?STACK
  C:0000H         PUBLIC        ?C_STARTUP
  D:00E0H         SYMBOL        ACC
BL51 BANKED LINKER/LOCATER V6.22                                                      09/11/2026  14:00:23  PAGE 2


  D:00F0H         SYMBOL        B
  D:0083H         SYMBOL        DPH
  D:0082H         SYMBOL        DPL
  N:0000H         SYMBOL        IBPSTACK
  N:0100H         SYMBOL        IBPSTACKTOP
  N:0080H         SYMBOL        IDATALEN
  C:086BH         SYMBOL        IDATALOOP
  N:0000H         SYMBOL        PBPSTACK
  N:0100H         SYMBOL        PBPSTACKTOP
  N:0000H         SYMBOL        PDATALEN
  N:0000H         SYMBOL        PDATASTART
  N:0000H         SYMBOL        PPAGE
  N:0000H         SYMBOL        PPAGEENABLE
  D:00A0H         SYMBOL        PPAGE_SFR
  D:0081H         SYMBOL        SP
  C:0868H         SYMBOL        STARTUP1
  N:0000H         SYMBOL        XBPSTACK
  N:0000H         SYMBOL        XBPSTACKTOP
  N:0000H         SYMBOL        XDATALEN
  N:0000H         SYMBOL        XDATASTART
  C:0000H         LINE#         126
  C:0868H         LINE#         133
  C:086AH         LINE#         134
  C:086BH         LINE#         135
  C:086CH         LINE#         136
  C:086EH         LINE#         185
  C:0871H         LINE#         196
  -------         ENDMOD        ?C_STARTUP

  -------         MODULE        MAIN
  C:0000H         SYMBOL        _ICE_DUMMY_
  D:0080H         PUBLIC        P0
  D:0090H         PUBLIC        P1
  D:00A0H         PUBLIC        P2
  D:00B0H         PUBLIC        P3
  C:0858H         PUBLIC        table
  D:00A8H         PUBLIC        IE
  D:00B8H         PUBLIC        IP
  C:0800H         PUBLIC        main
  D:0098H         PUBLIC        SCON
  D:0088H         PUBLIC        TCON
  D:00C8H         PUBLIC        T2CON
  C:0874H         PUBLIC        _Delay
  D:00D0H         PUBLIC        PSW
  -------         PROC          _DELAY
  D:0006H         SYMBOL        t
  C:0874H         LINE#         10
  C:0874H         LINE#         11
  C:0874H         LINE#         12
  C:087EH         LINE#         13
  -------         ENDPROC       _DELAY
  -------         PROC          MAIN
  -------         DO            
  D:0005H         SYMBOL        num
  -------         ENDDO         
  C:0800H         LINE#         15
  C:0800H         LINE#         16
BL51 BANKED LINKER/LOCATER V6.22                                                      09/11/2026  14:00:23  PAGE 3


  C:0800H         LINE#         19
  C:0808H         LINE#         20
  C:080BH         LINE#         22
  C:0813H         LINE#         23
  C:0816H         LINE#         25
  C:081EH         LINE#         26
  C:0821H         LINE#         28
  C:0829H         LINE#         29
  C:082CH         LINE#         31
  C:0834H         LINE#         32
  C:083BH         LINE#         34
  C:083BH         LINE#         35
  C:083BH         LINE#         36
  C:083DH         LINE#         37
  C:083DH         LINE#         38
  C:0844H         LINE#         40
  C:084BH         LINE#         41
  C:0852H         LINE#         42
  -------         ENDPROC       MAIN
  -------         ENDMOD        MAIN

******************************************************************************
* RESTRICTED VERSION WITH 0800H BYTE CODE SIZE LIMIT; USED: 0082H BYTE ( 6%) *
******************************************************************************

Program Size: data=9.0 xdata=0 code=130
LINK/LOCATE RUN COMPLETE.  0 WARNING(S),  0 ERROR(S)
