C51 COMPILER V9.54   MAIN                                                                  09/11/2026 14:00:23 PAGE 1   


C51 COMPILER V9.54, COMPILATION OF MODULE MAIN
OBJECT MODULE PLACED IN .\Objects\main.obj
COMPILER INVOKED BY: D:\Keil5\C51\BIN\C51.EXE main.c OPTIMIZE(8,SPEED) BROWSE DEBUG OBJECTEXTEND PRINT(.\Listings\main.l
                    -st) TABS(2) OBJECT(.\Objects\main.obj)

line level    source

   1          #include <reg52.h>
   2          
   3          unsigned char code table[] = {
   4              0xc0, 0xf9, 0xa4, 0xb0,
   5              0x99, 0x92, 0x82, 0xf8,
   6              0x80, 0x90, 0x88, 0x83,
   7              0xc6, 0xa1, 0x86, 0x8e
   8          };
   9          
  10          void Delay(unsigned int t)
  11          {
  12   1          while(t--);
  13   1      }
  14          
  15          void main()
  16          {
  17   1          unsigned char num;
  18   1      
  19   1          P2 = (P2 & 0x1F) | 0xA0;
  20   1          P0 = 0x00;
  21   1      
  22   1          P2 = (P2 & 0x1F) | 0xC0;
  23   1          P0 = 0xFF;
  24   1      
  25   1          P2 = (P2 & 0x1F) | 0x80;
  26   1          P0 = 0xFF;
  27   1      
  28   1          P2 = (P2 & 0x1F) | 0xC0;
  29   1          P0 = 0xFF;
  30   1      
  31   1          P2 = (P2 & 0x1F) | 0xE0;
  32   1          P0 = table[0];
  33   1      
  34   1          while(1)
  35   1          {
  36   2              for(num = 0; num < 16; num++)
  37   2              {
  38   3                  P0 = table[num];
  39   3      
  40   3                  Delay(60000);
  41   3                  Delay(60000);
  42   3              }
  43   2          }
  44   1      }


MODULE INFORMATION:   STATIC OVERLAYABLE
   CODE SIZE        =     99    ----
   CONSTANT SIZE    =     16    ----
   XDATA SIZE       =   ----    ----
   PDATA SIZE       =   ----    ----
   DATA SIZE        =   ----    ----
   IDATA SIZE       =   ----    ----
   BIT SIZE         =   ----    ----
C51 COMPILER V9.54   MAIN                                                                  09/11/2026 14:00:23 PAGE 2   

END OF MODULE INFORMATION.


C51 COMPILATION COMPLETE.  0 WARNING(S),  0 ERROR(S)
