BL51 BANKED LINKER/LOCATER V6.22                                                        09/11/2026  13:41:54  PAGE 1


BL51 BANKED LINKER/LOCATER V6.22, INVOKED BY:
D:\KEIL5\C51\BIN\BL51.EXE .\Objects\STARTUP.obj, .\Objects\main.obj TO .\Objects\02_ws PRINT (.\Listings\02_ws.m51) RAMS
>> IZE (256)


MEMORY MODEL: SMALL


INPUT MODULES INCLUDED:
  .\Objects\STARTUP.obj (?C_STARTUP)
  .\Objects\main.obj (MAIN)


LINK MAP OF MODULE:  .\Objects\02_ws (?C_STARTUP)


            TYPE    BASE      LENGTH    RELOCATION   SEGMENT NAME
            -----------------------------------------------------

            * * * * * * *   D A T A   M E M O R Y   * * * * * * *
            REG     0000H     0008H     ABSOLUTE     "REG BANK 0"
            IDATA   0008H     0001H     UNIT         ?STACK

            * * * * * * *   C O D E   M E M O R Y   * * * * * * *
            CODE    0000H     0003H     ABSOLUTE     
                    0003H     07FDH                  *** GAP ***
            CODE    0800H     002DH     UNIT         ?PR?SYSTEM_INIT?MAIN
            CODE    082DH     0027H     UNIT         ?PR?MAIN?MAIN
            CODE    0854H     0023H     UNIT         ?PR?_DELAY?MAIN
            CODE    0877H     0016H     UNIT         ?PR?_LED_WRITE?MAIN
            CODE    088DH     000CH     UNIT         ?C_C51STARTUP
            CODE    0899H     000BH     UNIT         ?PR?_ACTUATOR_WRITE?MAIN



OVERLAY MAP OF MODULE:   .\Objects\02_ws (?C_STARTUP)


SEGMENT
  +--> CALLED SEGMENT
---------------------
?C_C51STARTUP
  +--> ?PR?MAIN?MAIN

?PR?MAIN?MAIN
  +--> ?PR?SYSTEM_INIT?MAIN
  +--> ?PR?_DELAY?MAIN
  +--> ?PR?_LED_WRITE?MAIN
  +--> ?PR?_ACTUATOR_WRITE?MAIN

?PR?_DELAY?MAIN
  +--> ?PR?_LED_WRITE?MAIN



SYMBOL TABLE OF MODULE:  .\Objects\02_ws (?C_STARTUP)

  VALUE           TYPE          NAME
BL51 BANKED LINKER/LOCATER V6.22                                                      09/11/2026  13:41:54  PAGE 2


  ----------------------------------

  -------         MODULE        ?C_STARTUP
  C:088DH         SEGMENT       ?C_C51STARTUP
  I:0008H         SEGMENT       ?STACK
  C:0000H         PUBLIC        ?C_STARTUP
  D:00E0H         SYMBOL        ACC
  D:00F0H         SYMBOL        B
  D:0083H         SYMBOL        DPH
  D:0082H         SYMBOL        DPL
  N:0000H         SYMBOL        IBPSTACK
  N:0100H         SYMBOL        IBPSTACKTOP
  N:0080H         SYMBOL        IDATALEN
  C:0890H         SYMBOL        IDATALOOP
  N:0000H         SYMBOL        PBPSTACK
  N:0100H         SYMBOL        PBPSTACKTOP
  N:0000H         SYMBOL        PDATALEN
  N:0000H         SYMBOL        PDATASTART
  N:0000H         SYMBOL        PPAGE
  N:0000H         SYMBOL        PPAGEENABLE
  D:00A0H         SYMBOL        PPAGE_SFR
  D:0081H         SYMBOL        SP
  C:088DH         SYMBOL        STARTUP1
  N:0000H         SYMBOL        XBPSTACK
  N:0000H         SYMBOL        XBPSTACKTOP
  N:0000H         SYMBOL        XDATALEN
  N:0000H         SYMBOL        XDATASTART
  C:0000H         LINE#         126
  C:088DH         LINE#         133
  C:088FH         LINE#         134
  C:0890H         LINE#         135
  C:0891H         LINE#         136
  C:0893H         LINE#         185
  C:0896H         LINE#         196
  -------         ENDMOD        ?C_STARTUP

  -------         MODULE        MAIN
  C:0000H         SYMBOL        _ICE_DUMMY_
  C:0800H         PUBLIC        System_Init
  D:0080H         PUBLIC        P0
  D:0090H         PUBLIC        P1
  D:00A0H         PUBLIC        P2
  D:00B0H         PUBLIC        P3
  D:00A8H         PUBLIC        IE
  D:00B8H         PUBLIC        IP
  C:082DH         PUBLIC        main
  D:0098H         PUBLIC        SCON
  D:0088H         PUBLIC        TCON
  C:0899H         PUBLIC        _Actuator_Write
  C:0877H         PUBLIC        _LED_Write
  D:00C8H         PUBLIC        T2CON
  C:0862H         PUBLIC        _Delay
  D:00D0H         PUBLIC        PSW
  C:0857H         SYMBOL        L?0018
  -------         PROC          L?0017
  -------         ENDPROC       L?0017
  C:0857H         SYMBOL        L?0018
BL51 BANKED LINKER/LOCATER V6.22                                                      09/11/2026  13:41:54  PAGE 3


  -------         PROC          _DELAY
  D:0006H         SYMBOL        t
  C:0862H         LINE#         3
  C:0862H         LINE#         4
  C:0862H         LINE#         5
  C:086CH         LINE#         6
  C:0876H         LINE#         7
  -------         ENDPROC       _DELAY
  -------         PROC          SYSTEM_INIT
  C:0800H         LINE#         9
  C:0800H         LINE#         10
  C:0800H         LINE#         11
  C:0808H         LINE#         12
  C:080BH         LINE#         14
  C:0813H         LINE#         15
  C:0816H         LINE#         17
  C:081EH         LINE#         18
  C:0821H         LINE#         20
  C:0829H         LINE#         21
  C:082CH         LINE#         22
  -------         ENDPROC       SYSTEM_INIT
  -------         PROC          _LED_WRITE
  D:0007H         SYMBOL        dat
  C:0877H         LINE#         24
  C:0877H         LINE#         25
  C:0877H         LINE#         26
  C:087FH         LINE#         27
  C:0881H         LINE#         29
  C:0889H         LINE#         30
  C:088CH         LINE#         31
  -------         ENDPROC       _LED_WRITE
  -------         PROC          _ACTUATOR_WRITE
  D:0007H         SYMBOL        dat
  C:0899H         LINE#         33
  C:0899H         LINE#         34
  C:0899H         LINE#         35
  C:08A1H         LINE#         36
  C:08A3H         LINE#         37
  -------         ENDPROC       _ACTUATOR_WRITE
  -------         PROC          MAIN
  -------         DO            
  D:0005H         SYMBOL        i
  -------         ENDDO         
  C:082DH         LINE#         39
  C:082DH         LINE#         40
  C:082DH         LINE#         43
  C:0830H         LINE#         45
  C:0832H         LINE#         46
  C:0832H         LINE#         47
  C:0834H         LINE#         48
  C:0834H         LINE#         49
  C:0837H         LINE#         51
  C:0839H         LINE#         52
  C:0839H         LINE#         53
  C:083CH         LINE#         54
  C:0840H         LINE#         56
  C:0845H         LINE#         58
BL51 BANKED LINKER/LOCATER V6.22                                                      09/11/2026  13:41:54  PAGE 4


  C:084AH         LINE#         60
  C:084AH         LINE#         61
  C:084DH         LINE#         63
  C:0852H         LINE#         65
  -------         ENDPROC       MAIN
  -------         ENDMOD        MAIN

******************************************************************************
* RESTRICTED VERSION WITH 0800H BYTE CODE SIZE LIMIT; USED: 00A7H BYTE ( 8%) *
******************************************************************************

Program Size: data=9.0 xdata=0 code=167
LINK/LOCATE RUN COMPLETE.  0 WARNING(S),  0 ERROR(S)
