C51 COMPILER V9.54   MAIN                                                                  09/11/2026 13:41:54 PAGE 1   


C51 COMPILER V9.54, COMPILATION OF MODULE MAIN
OBJECT MODULE PLACED IN .\Objects\main.obj
COMPILER INVOKED BY: D:\Keil5\C51\BIN\C51.EXE main.c OPTIMIZE(8,SPEED) BROWSE DEBUG OBJECTEXTEND PRINT(.\Listings\main.l
                    -st) TABS(2) OBJECT(.\Objects\main.obj)

line level    source

   1          #include <reg52.h>
   2          
   3          void Delay(unsigned int t)
   4          {
   5   1          while(t--);
   6   1          while(t--);
   7   1      }
   8          
   9          void System_Init()
  10          {
  11   1          P2 = (P2 & 0x1F) | 0xE0;
  12   1          P0 = 0xFF;
  13   1      
  14   1          P2 = (P2 & 0x1F) | 0xC0;
  15   1          P0 = 0x00;
  16   1      
  17   1          P2 = (P2 & 0x1F) | 0x80;
  18   1          P0 = 0xFF;
  19   1      
  20   1          P2 = (P2 & 0x1F) | 0xA0;
  21   1          P0 = 0x00;
  22   1      }
  23          
  24          void LED_Write(unsigned char dat)
  25          {
  26   1          P2 = (P2 & 0x1F) | 0x80;
  27   1          P0 = dat;
  28   1      
  29   1          P2 = (P2 & 0x1F) | 0xA0;
  30   1          P0 = 0x00;
  31   1      }
  32          
  33          void Actuator_Write(unsigned char dat)
  34          {
  35   1          P2 = (P2 & 0x1F) | 0xA0;
  36   1          P0 = dat;
  37   1      }
  38          
  39          void main()
  40          {
  41   1          unsigned char i;
  42   1      
  43   1          System_Init();
  44   1      
  45   1          for(i = 0; i < 3; i++)
  46   1          {
  47   2              LED_Write(0x00);
  48   2              Delay(60000);
  49   2              Delay(60000);
  50   2      
  51   2              LED_Write(0xFF);
  52   2              Delay(60000);
  53   2              Delay(60000);
  54   2          }
C51 COMPILER V9.54   MAIN                                                                  09/11/2026 13:41:54 PAGE 2   

  55   1      
  56   1          LED_Write(0xFF);
  57   1      
  58   1          Actuator_Write(0x50);
  59   1      
  60   1          Delay(60000);
  61   1          Delay(60000);
  62   1      
  63   1          Actuator_Write(0x10);
  64   1      
  65   1          while(1);
  66   1      }


MODULE INFORMATION:   STATIC OVERLAYABLE
   CODE SIZE        =    152    ----
   CONSTANT SIZE    =   ----    ----
   XDATA SIZE       =   ----    ----
   PDATA SIZE       =   ----    ----
   DATA SIZE        =   ----    ----
   IDATA SIZE       =   ----    ----
   BIT SIZE         =   ----    ----
END OF MODULE INFORMATION.


C51 COMPILATION COMPLETE.  0 WARNING(S),  0 ERROR(S)
