BL51 BANKED LINKER/LOCATER V6.22                                                        09/12/2026  09:50:01  PAGE 1


BL51 BANKED LINKER/LOCATER V6.22, INVOKED BY:
D:\KEIL5\C51\BIN\BL51.EXE .\Objects\STARTUP.obj, .\Objects\main.obj TO .\Objects\02_ws PRINT (.\Listings\02_ws.m51) RAMS
>> IZE (256)


MEMORY MODEL: SMALL


INPUT MODULES INCLUDED:
  .\Objects\STARTUP.obj (?C_STARTUP)
  .\Objects\main.obj (MAIN)
  D:\KEIL5\C51\LIB\C51S.LIB (?C_INIT)


LINK MAP OF MODULE:  .\Objects\02_ws (?C_STARTUP)


            TYPE    BASE      LENGTH    RELOCATION   SEGMENT NAME
            -----------------------------------------------------

            * * * * * * *   D A T A   M E M O R Y   * * * * * * *
            REG     0000H     0008H     ABSOLUTE     "REG BANK 0"
            DATA    0008H     0009H     UNIT         ?DT?MAIN
                    0011H     000FH                  *** GAP ***
            BIT     0020H.0   0000H.2   UNIT         ?BI?MAIN
                    0020H.2   0000H.6                *** GAP ***
            IDATA   0021H     0001H     UNIT         ?STACK

            * * * * * * *   C O D E   M E M O R Y   * * * * * * *
            CODE    0000H     0003H     ABSOLUTE     
                    0003H     0018H                  *** GAP ***
            CODE    001BH     0003H     ABSOLUTE     
                    001EH     07E2H                  *** GAP ***
            CODE    0800H     00A0H     UNIT         ?C_C51STARTUP
            CODE    08A0H     0054H     UNIT         ?PR?TIMER1_ISR?MAIN
            CODE    08F4H     0041H     UNIT         ?PR?DISPLAYSCAN?MAIN
            CODE    0935H     003CH     UNIT         ?PR?KEYEVENT?MAIN
            CODE    0971H     003BH     UNIT         ?PR?_APPLYKEY?MAIN
            CODE    09ACH     002DH     UNIT         ?PR?BOARDINIT?MAIN
            CODE    09D9H     0029H     UNIT         ?PR?KEYREAD?MAIN
            CODE    0A02H     001EH     UNIT         ?C_INITSEG
            CODE    0A20H     0017H     UNIT         ?PR?TIMER1INIT?MAIN
            CODE    0A37H     0013H     UNIT         ?PR?MAIN?MAIN
            CODE    0A4AH     0010H     UNIT         ?PR?_LATCHWRITE?MAIN
            CODE    0A5AH     0010H     UNIT         ?CO?MAIN



OVERLAY MAP OF MODULE:   .\Objects\02_ws (?C_STARTUP)


SEGMENT
  +--> CALLED SEGMENT
---------------------
?C_C51STARTUP
  +--> ?PR?MAIN?MAIN
  +--> ?C_INITSEG

BL51 BANKED LINKER/LOCATER V6.22                                                      09/12/2026  09:50:01  PAGE 2


?PR?MAIN?MAIN
  +--> ?PR?BOARDINIT?MAIN
  +--> ?PR?TIMER1INIT?MAIN
  +--> ?PR?KEYEVENT?MAIN
  +--> ?PR?_APPLYKEY?MAIN

?PR?KEYEVENT?MAIN
  +--> ?PR?KEYREAD?MAIN

*** NEW ROOT ***************************************************

?PR?TIMER1_ISR?MAIN
  +--> ?PR?DISPLAYSCAN?MAIN

?PR?DISPLAYSCAN?MAIN
  +--> ?PR?_LATCHWRITE?MAIN
  +--> ?CO?MAIN



SYMBOL TABLE OF MODULE:  .\Objects\02_ws (?C_STARTUP)

  VALUE           TYPE          NAME
  ----------------------------------

  -------         MODULE        ?C_STARTUP
  C:0800H         SEGMENT       ?C_C51STARTUP
  I:0021H         SEGMENT       ?STACK
  C:0000H         PUBLIC        ?C_STARTUP
  C:0817H         SYMBOL        CLEAR_RAM
  C:0800H         SYMBOL        STARTUP1
  C:0000H         LINE#         15
  C:0800H         LINE#         19
  C:0803H         LINE#         20
  C:0806H         LINE#         21
  C:0809H         LINE#         22
  C:080AH         LINE#         23
  C:080DH         LINE#         24
  C:0810H         LINE#         25
  C:0811H         LINE#         26
  C:0814H         LINE#         27
  C:0816H         LINE#         28
  C:0817H         LINE#         30
  C:0818H         LINE#         31
  C:081AH         LINE#         32
  C:081DH         LINE#         33
  -------         ENDMOD        ?C_STARTUP

  -------         MODULE        MAIN
  C:0000H         SYMBOL        _ICE_DUMMY_
  D:0080H         PUBLIC        P0
  D:0090H         PUBLIC        P1
  C:09ACH         PUBLIC        BoardInit
  D:00A0H         PUBLIC        P2
  D:00B0H         PUBLIC        P3
  C:08A0H         PUBLIC        Timer1_ISR
  B:00A8H.7       PUBLIC        EA
BL51 BANKED LINKER/LOCATER V6.22                                                      09/12/2026  09:50:01  PAGE 3


  C:0A5AH         PUBLIC        table
  D:000EH         PUBLIC        number
  D:00A8H         PUBLIC        IE
  D:00B8H         PUBLIC        IP
  B:0020H.0       PUBLIC        tick_1ms
  D:000FH         PUBLIC        elapsed_ms
  C:0A37H         PUBLIC        main
  C:09D9H         PUBLIC        KeyRead
  C:0935H         PUBLIC        KeyEvent
  C:0971H         PUBLIC        _ApplyKey
  D:0098H         PUBLIC        SCON
  D:0089H         PUBLIC        TMOD
  D:0088H         PUBLIC        TCON
  D:008EH         PUBLIC        AUXR
  B:00A8H.3       PUBLIC        ET1
  B:0088H.7       PUBLIC        TF1
  C:0A20H         PUBLIC        Timer1Init
  D:008DH         PUBLIC        TH1
  D:008BH         PUBLIC        TL1
  B:0088H.6       PUBLIC        TR1
  C:08F4H         PUBLIC        DisplayScan
  D:00C8H         PUBLIC        T2CON
  B:0020H.1       PUBLIC        auto_run
  D:00D0H         PUBLIC        PSW
  C:0A4AH         PUBLIC        _LatchWrite
  -------         PROC          _LATCHWRITE
  D:0007H         SYMBOL        select
  D:0005H         SYMBOL        value
  C:0A4AH         LINE#         22
  C:0A4AH         LINE#         23
  C:0A4AH         LINE#         24
  C:0A4DH         LINE#         25
  C:0A4FH         LINE#         26
  C:0A52H         LINE#         27
  C:0A53H         LINE#         28
  C:0A56H         LINE#         29
  C:0A59H         LINE#         30
  -------         ENDPROC       _LATCHWRITE
  -------         PROC          BOARDINIT
  C:09ACH         LINE#         32
  C:09ACH         LINE#         33
  C:09ACH         LINE#         34
  C:09AEH         LINE#         35
  C:09B1H         LINE#         36
  C:09B4H         LINE#         37
  C:09B7H         LINE#         38
  C:09B8H         LINE#         39
  C:09BBH         LINE#         40
  C:09BEH         LINE#         41
  C:09BFH         LINE#         42
  C:09C2H         LINE#         43
  C:09C5H         LINE#         44
  C:09C8H         LINE#         45
  C:09C9H         LINE#         46
  C:09CCH         LINE#         47
  C:09CFH         LINE#         48
  C:09D0H         LINE#         49
BL51 BANKED LINKER/LOCATER V6.22                                                      09/12/2026  09:50:01  PAGE 4


  C:09D3H         LINE#         50
  C:09D5H         LINE#         51
  C:09D8H         LINE#         52
  -------         ENDPROC       BOARDINIT
  -------         PROC          TIMER1INIT
  C:0A20H         LINE#         54
  C:0A20H         LINE#         55
  C:0A20H         LINE#         56
  C:0A22H         LINE#         57
  C:0A25H         LINE#         58
  C:0A28H         LINE#         59
  C:0A2BH         LINE#         60
  C:0A2EH         LINE#         61
  C:0A30H         LINE#         62
  C:0A32H         LINE#         63
  C:0A34H         LINE#         64
  C:0A36H         LINE#         65
  -------         ENDPROC       TIMER1INIT
  -------         PROC          KEYREAD
  -------         DO            
  D:0007H         SYMBOL        value
  -------         ENDDO         
  C:09D9H         LINE#         67
  C:09D9H         LINE#         68
  C:09D9H         LINE#         71
  C:09DEH         LINE#         72
  C:09F0H         LINE#         73
  C:09F0H         LINE#         74
  C:09F3H         LINE#         75
  C:09F6H         LINE#         76
  C:09F9H         LINE#         77
  C:09FCH         LINE#         78
  C:09FFH         LINE#         79
  C:0A01H         LINE#         80
  C:0A01H         LINE#         81
  -------         ENDPROC       KEYREAD
  -------         PROC          KEYEVENT
  -------         DO            
  D:0008H         SYMBOL        previous
  D:0009H         SYMBOL        stable
  D:000AH         SYMBOL        samples
  D:000BH         SYMBOL        armed
  D:0007H         SYMBOL        raw
  -------         ENDDO         
  C:0935H         LINE#         83
  C:0935H         LINE#         84
  C:0935H         LINE#         91
  C:0938H         LINE#         92
  C:093DH         LINE#         93
  C:093DH         LINE#         94
  C:093FH         LINE#         95
  C:0942H         LINE#         96
  C:0944H         LINE#         97
  C:094BH         LINE#         98
  C:094BH         LINE#         99
  C:094DH         LINE#         100
  C:094DH         LINE#         101
BL51 BANKED LINKER/LOCATER V6.22                                                      09/12/2026  09:50:01  PAGE 5


  C:0958H         LINE#         102
  C:0958H         LINE#         103
  C:095AH         LINE#         104
  C:095DH         LINE#         105
  C:095DH         LINE#         106
  C:0960H         LINE#         107
  C:0962H         LINE#         108
  C:0966H         LINE#         109
  C:0966H         LINE#         110
  C:0969H         LINE#         111
  C:096DH         LINE#         112
  C:096DH         LINE#         113
  C:096EH         LINE#         114
  C:096EH         LINE#         115
  C:096EH         LINE#         116
  C:096EH         LINE#         117
  C:0970H         LINE#         118
  -------         ENDPROC       KEYEVENT
  -------         PROC          _APPLYKEY
  D:0007H         SYMBOL        key
  C:0971H         LINE#         120
  C:0971H         LINE#         121
  C:0971H         LINE#         122
  C:0974H         LINE#         123
  C:0974H         LINE#         125
  C:0974H         LINE#         126
  C:0976H         LINE#         127
  C:0985H         LINE#         128
  C:0985H         LINE#         129
  C:0985H         LINE#         130
  C:098AH         LINE#         131
  C:098AH         LINE#         132
  C:098AH         LINE#         133
  C:098CH         LINE#         135
  C:098CH         LINE#         136
  C:098EH         LINE#         137
  C:098EH         LINE#         138
  C:0990H         LINE#         139
  C:0990H         LINE#         140
  C:0994H         LINE#         141
  C:0994H         LINE#         142
  C:0997H         LINE#         143
  C:0999H         LINE#         145
  C:0999H         LINE#         146
  C:099BH         LINE#         147
  C:099BH         LINE#         148
  C:099DH         LINE#         149
  C:099DH         LINE#         150
  C:09A0H         LINE#         151
  C:09A2H         LINE#         152
  C:09A2H         LINE#         153
  C:09A4H         LINE#         154
  C:09A4H         LINE#         155
  C:09A4H         LINE#         156
  C:09A9H         LINE#         157
  C:09ABH         LINE#         158
  -------         ENDPROC       _APPLYKEY
BL51 BANKED LINKER/LOCATER V6.22                                                      09/12/2026  09:50:01  PAGE 6


  -------         PROC          DISPLAYSCAN
  -------         DO            
  D:000CH         SYMBOL        pos
  D:000DH         SYMBOL        frame
  D:0006H         SYMBOL        digit
  -------         ENDDO         
  C:08F4H         LINE#         160
  C:08F4H         LINE#         161
  C:08F4H         LINE#         166
  C:08F8H         LINE#         167
  C:08F8H         LINE#         168
  C:08FBH         LINE#         169
  C:0902H         LINE#         170
  C:0904H         LINE#         172
  C:0904H         LINE#         173
  C:090CH         LINE#         174
  C:090CH         LINE#         175
  C:0913H         LINE#         176
  C:091EH         LINE#         177
  C:0931H         LINE#         178
  C:0934H         LINE#         179
  -------         ENDPROC       DISPLAYSCAN
  -------         PROC          MAIN
  -------         DO            
  D:0006H         SYMBOL        key
  -------         ENDDO         
  C:0A37H         LINE#         181
  C:0A37H         LINE#         182
  C:0A37H         LINE#         185
  C:0A3AH         LINE#         186
  C:0A3DH         LINE#         187
  C:0A3DH         LINE#         188
  C:0A3DH         LINE#         189
  C:0A40H         LINE#         190
  C:0A40H         LINE#         191
  C:0A42H         LINE#         192
  C:0A45H         LINE#         193
  C:0A48H         LINE#         194
  C:0A48H         LINE#         195
  -------         ENDPROC       MAIN
  -------         PROC          TIMER1_ISR
  C:08A0H         LINE#         198
  C:08B5H         LINE#         200
  C:08B8H         LINE#         201
  C:08B8H         LINE#         202
  C:08C0H         LINE#         203
  C:08CBH         LINE#         204
  C:08CBH         LINE#         205
  C:08D1H         LINE#         206
  C:08D3H         LINE#         207
  C:08D9H         LINE#         208
  C:08D9H         LINE#         209
  C:08DCH         LINE#         210
  C:08DCH         LINE#         211
  C:08DCH         LINE#         212
  C:08DCH         LINE#         213
  C:08DFH         LINE#         214
BL51 BANKED LINKER/LOCATER V6.22                                                      09/12/2026  09:50:01  PAGE 7


  C:08E1H         LINE#         215
  -------         ENDPROC       TIMER1_ISR
  -------         ENDMOD        MAIN

******************************************************************************
* RESTRICTED VERSION WITH 0800H BYTE CODE SIZE LIMIT; USED: 01EFH BYTE (24%) *
******************************************************************************

Program Size: data=18.2 xdata=0 code=624
LINK/LOCATE RUN COMPLETE.  0 WARNING(S),  0 ERROR(S)
