C51 COMPILER V9.54   MAIN                                                                  09/12/2026 09:50:01 PAGE 1   


C51 COMPILER V9.54, COMPILATION OF MODULE MAIN
OBJECT MODULE PLACED IN .\Objects\main.obj
COMPILER INVOKED BY: D:\Keil5\C51\BIN\C51.EXE main.c OPTIMIZE(8,SPEED) BROWSE DEBUG OBJECTEXTEND PRINT(.\Listings\main.l
                    -st) TABS(2) OBJECT(.\Objects\main.obj)

line level    source

   1          #include <reg52.h>
   2          #include <intrins.h>
   3          
   4          #define FOSC 12000000UL
   5          #define TIMER1_RELOAD (65536UL - FOSC / 12UL / 1000UL)
   6          
   7          sfr AUXR = 0x8E;
   8          
   9          unsigned char code table[16] = {
  10              0xC0, 0xF9, 0xA4, 0xB0,
  11              0x99, 0x92, 0x82, 0xF8,
  12              0x80, 0x90, 0x88, 0x83,
  13              0xC6, 0xA1, 0x86, 0x8E
  14          };
  15          
  16          volatile bit tick_1ms = 0;
  17          
  18          volatile unsigned char number = 0;
  19          volatile unsigned int elapsed_ms = 0;
  20          volatile bit auto_run = 0;
  21          
  22          void LatchWrite(unsigned char select, unsigned char value)
  23          {
  24   1          P2 &= 0x1F;
  25   1          P0 = value;
  26   1          P2 |= select;
  27   1          _nop_();
  28   1          P2 &= 0x1F;
  29   1          P0 = 0x00;
  30   1      }
  31          
  32          void BoardInit(void)
  33          {
  34   1          EA = 0;
  35   1          P2 &= 0x1F;
  36   1          P0 = 0x00;
  37   1          P2 |= 0xA0;
  38   1          _nop_();
  39   1          P2 &= 0x1F;
  40   1          P2 |= 0xC0;
  41   1          _nop_();
  42   1          P2 &= 0x1F;
  43   1          P0 = 0xFF;
  44   1          P2 |= 0xE0;
  45   1          _nop_();
  46   1          P2 &= 0x1F;
  47   1          P2 |= 0x80;
  48   1          _nop_();
  49   1          P2 &= 0x1F;
  50   1          P0 = 0x00;
  51   1          P3 = 0xFF;
  52   1      }
  53          
  54          void Timer1Init(void)
C51 COMPILER V9.54   MAIN                                                                  09/12/2026 09:50:01 PAGE 2   

  55          {
  56   1          TR1 = 0;
  57   1          AUXR &= 0xBF;
  58   1          TMOD &= 0x0F;
  59   1          TL1 = (unsigned char)TIMER1_RELOAD;
  60   1          TH1 = (unsigned char)(TIMER1_RELOAD >> 8);
  61   1          TF1 = 0;
  62   1          ET1 = 1;
  63   1          TR1 = 1;
  64   1          EA = 1;
  65   1      }
  66          
  67          unsigned char KeyRead(void)
  68          {
  69   1          unsigned char value;
  70   1      
  71   1          value = (unsigned char)(~P3) & 0x0F;
  72   1          switch(value)
  73   1          {
  74   2              case 0x00: return 0;
  75   2              case 0x01: return 1;
  76   2              case 0x02: return 2;
  77   2              case 0x04: return 3;
  78   2              case 0x08: return 4;
  79   2              default: return 0xFF;
  80   2          }
  81   1      }
  82          
  83          unsigned char KeyEvent(void)
  84          {
  85   1          static unsigned char previous = 0;
  86   1          static unsigned char stable = 0;
  87   1          static unsigned char samples = 0;
  88   1          static unsigned char armed = 1;
  89   1          unsigned char raw;
  90   1      
  91   1          raw = KeyRead();
  92   1          if(raw != previous)
  93   1          {
  94   2              previous = raw;
  95   2              samples = 0;
  96   2          }
  97   1          else if(samples < 20)
  98   1          {
  99   2              samples++;
 100   2          }
 101   1          if(samples == 20 && raw != stable)
 102   1          {
 103   2              stable = raw;
 104   2              if(raw == 0)
 105   2              {
 106   3                  armed = 1;
 107   3              }
 108   2              else if(armed)
 109   2              {
 110   3                  armed = 0;
 111   3                  if(raw != 0xFF)
 112   3                  {
 113   4                      return raw;
 114   4                  }
 115   3              }
 116   2          }
C51 COMPILER V9.54   MAIN                                                                  09/12/2026 09:50:01 PAGE 3   

 117   1          return 0;
 118   1      }
 119          
 120          void ApplyKey(unsigned char key)
 121          {
 122   1          if(key == 0)
 123   1          {
 124   2              return;
 125   2          }
 126   1          EA = 0;
 127   1          switch(key)
 128   1          {
 129   2              case 1:
 130   2                  if(number == 59)
 131   2                  {
 132   3                      number = 0;
 133   3                  }
 134   2                  else
 135   2                  {
 136   3                      number++;
 137   3                  }
 138   2                  break;
 139   2              case 2:
 140   2                  if(number == 0)
 141   2                  {
 142   3                      number = 59;
 143   3                  }
 144   2                  else
 145   2                  {
 146   3                      number--;
 147   3                  }
 148   2                  break;
 149   2              case 3:
 150   2                  number = 0;
 151   2                  break;
 152   2              case 4:
 153   2                  auto_run = !auto_run;
 154   2                  break;
 155   2          }
 156   1          elapsed_ms = 0;
 157   1          EA = 1;
 158   1      }
 159          
 160          void DisplayScan(void)
 161          {
 162   1          static unsigned char pos = 0;
 163   1          static unsigned char frame = 0;
 164   1          unsigned char digit;
 165   1      
 166   1          if(pos == 0)
 167   1          {
 168   2              frame = number;
 169   2              digit = frame / 10;
 170   2          }
 171   1          else
 172   1          {
 173   2              digit = frame % 10;
 174   2          }
 175   1          LatchWrite(0xC0, 0x00);
 176   1          LatchWrite(0xE0, table[digit]);
 177   1          LatchWrite(0xC0, (unsigned char)(1 << pos));
 178   1          pos ^= 1;
C51 COMPILER V9.54   MAIN                                                                  09/12/2026 09:50:01 PAGE 4   

 179   1      }
 180          
 181          void main(void)
 182          {
 183   1          unsigned char key;
 184   1      
 185   1          BoardInit();
 186   1          Timer1Init();
 187   1          while(1)
 188   1          {
 189   2              if(tick_1ms)
 190   2              {
 191   3                  tick_1ms = 0;
 192   3                  key = KeyEvent();
 193   3                  ApplyKey(key);
 194   3              }
 195   2          }
 196   1      }
 197          
 198          void Timer1_ISR(void) interrupt 3
 199          {
 200   1          if(auto_run)
 201   1          {
 202   2              elapsed_ms++;
 203   2              if(elapsed_ms >= 1000)
 204   2              {
 205   3                  elapsed_ms = 0;
 206   3                  number++;
 207   3                  if(number >= 60)
 208   3                  {
 209   4                      number = 0;
 210   4                  }
 211   3              }
 212   2          }
 213   1          DisplayScan();
 214   1          tick_1ms = 1;
 215   1      }


MODULE INFORMATION:   STATIC OVERLAYABLE
   CODE SIZE        =    412    ----
   CONSTANT SIZE    =     16    ----
   XDATA SIZE       =   ----    ----
   PDATA SIZE       =   ----    ----
   DATA SIZE        =      9    ----
   IDATA SIZE       =   ----    ----
   BIT SIZE         =      2    ----
END OF MODULE INFORMATION.


C51 COMPILATION COMPLETE.  0 WARNING(S),  0 ERROR(S)
