BL51 BANKED LINKER/LOCATER V6.22                                                        09/12/2026  09:50:10  PAGE 1


BL51 BANKED LINKER/LOCATER V6.22, INVOKED BY:
D:\KEIL5\C51\BIN\BL51.EXE .\Objects\STARTUP.obj, .\Objects\main.obj TO .\Objects\03_ws PRINT (.\Listings\03_ws.m51) RAMS
>> IZE (256)


MEMORY MODEL: SMALL


INPUT MODULES INCLUDED:
  .\Objects\STARTUP.obj (?C_STARTUP)
  .\Objects\main.obj (MAIN)
  D:\KEIL5\C51\LIB\C51S.LIB (?C_INIT)


LINK MAP OF MODULE:  .\Objects\03_ws (?C_STARTUP)


            TYPE    BASE      LENGTH    RELOCATION   SEGMENT NAME
            -----------------------------------------------------

            * * * * * * *   D A T A   M E M O R Y   * * * * * * *
            REG     0000H     0008H     ABSOLUTE     "REG BANK 0"
            DATA    0008H     0004H     UNIT         ?DT?MAIN
                    000CH     0014H                  *** GAP ***
            BIT     0020H.0   0000H.1   UNIT         ?BI?MAIN
                    0020H.1   0000H.7                *** GAP ***
            IDATA   0021H     0001H     UNIT         ?STACK

            * * * * * * *   C O D E   M E M O R Y   * * * * * * *
            CODE    0000H     0003H     ABSOLUTE     
                    0003H     0018H                  *** GAP ***
            CODE    001BH     0003H     ABSOLUTE     
                    001EH     07E2H                  *** GAP ***
            CODE    0800H     00A0H     UNIT         ?C_C51STARTUP
            CODE    08A0H     0054H     UNIT         ?PR?KEYREAD?MAIN
            CODE    08F4H     003CH     UNIT         ?PR?KEYEVENT?MAIN
            CODE    0930H     0031H     UNIT         ?PR?BOARDINIT?MAIN
            CODE    0961H     0029H     UNIT         ?PR?MAIN?MAIN
            CODE    098AH     001BH     UNIT         ?PR?_DISPLAYSTATIC?MAIN
            CODE    09A5H     0017H     UNIT         ?PR?TIMER1INIT?MAIN
            CODE    09BCH     0014H     UNIT         ?CO?MAIN
            CODE    09D0H     0010H     UNIT         ?PR?_LATCHWRITE?MAIN
            CODE    09E0H     000FH     UNIT         ?C_INITSEG
            CODE    09EFH     0008H     UNIT         ?PR?KEYSETTLE?MAIN
            CODE    09F7H     0003H     UNIT         ?PR?TIMER1_ISR?MAIN



OVERLAY MAP OF MODULE:   .\Objects\03_ws (?C_STARTUP)


SEGMENT
  +--> CALLED SEGMENT
---------------------
?C_C51STARTUP
  +--> ?PR?MAIN?MAIN
  +--> ?C_INITSEG

BL51 BANKED LINKER/LOCATER V6.22                                                      09/12/2026  09:50:10  PAGE 2


?PR?MAIN?MAIN
  +--> ?PR?BOARDINIT?MAIN
  +--> ?PR?_DISPLAYSTATIC?MAIN
  +--> ?PR?TIMER1INIT?MAIN
  +--> ?PR?KEYEVENT?MAIN

?PR?_DISPLAYSTATIC?MAIN
  +--> ?PR?_LATCHWRITE?MAIN
  +--> ?CO?MAIN

?PR?KEYEVENT?MAIN
  +--> ?PR?KEYREAD?MAIN

?PR?KEYREAD?MAIN
  +--> ?CO?MAIN
  +--> ?PR?KEYSETTLE?MAIN



SYMBOL TABLE OF MODULE:  .\Objects\03_ws (?C_STARTUP)

  VALUE           TYPE          NAME
  ----------------------------------

  -------         MODULE        ?C_STARTUP
  C:0800H         SEGMENT       ?C_C51STARTUP
  I:0021H         SEGMENT       ?STACK
  C:0000H         PUBLIC        ?C_STARTUP
  C:0817H         SYMBOL        CLEAR_RAM
  C:0800H         SYMBOL        STARTUP1
  C:0000H         LINE#         15
  C:0800H         LINE#         19
  C:0803H         LINE#         20
  C:0806H         LINE#         21
  C:0809H         LINE#         22
  C:080AH         LINE#         23
  C:080DH         LINE#         24
  C:0810H         LINE#         25
  C:0811H         LINE#         26
  C:0814H         LINE#         27
  C:0816H         LINE#         28
  C:0817H         LINE#         30
  C:0818H         LINE#         31
  C:081AH         LINE#         32
  C:081DH         LINE#         33
  -------         ENDMOD        ?C_STARTUP

  -------         MODULE        MAIN
  C:0000H         SYMBOL        _ICE_DUMMY_
  D:0080H         PUBLIC        P0
  D:0090H         PUBLIC        P1
  C:0930H         PUBLIC        BoardInit
  D:00A0H         PUBLIC        P2
  D:00B0H         PUBLIC        P3
  D:00C0H         PUBLIC        P4
  C:09F7H         PUBLIC        Timer1_ISR
  B:00A8H.7       PUBLIC        EA
BL51 BANKED LINKER/LOCATER V6.22                                                      09/12/2026  09:50:10  PAGE 3


  C:09BCH         PUBLIC        table
  D:00A8H         PUBLIC        IE
  B:00C0H.4       PUBLIC        COL0
  B:00C0H.2       PUBLIC        COL1
  B:00B0H.5       PUBLIC        COL2
  B:00B0H.4       PUBLIC        COL3
  D:00B8H         PUBLIC        IP
  C:09EFH         PUBLIC        KeySettle
  B:0020H.0       PUBLIC        tick_1ms
  C:0961H         PUBLIC        main
  C:08A0H         PUBLIC        KeyRead
  C:08F4H         PUBLIC        KeyEvent
  D:0098H         PUBLIC        SCON
  D:0089H         PUBLIC        TMOD
  D:0088H         PUBLIC        TCON
  D:008EH         PUBLIC        AUXR
  C:098AH         PUBLIC        _DisplayStatic
  B:00A8H.3       PUBLIC        ET1
  B:0088H.7       PUBLIC        TF1
  C:09A5H         PUBLIC        Timer1Init
  C:09CCH         PUBLIC        rows
  D:008DH         PUBLIC        TH1
  D:008BH         PUBLIC        TL1
  B:0088H.6       PUBLIC        TR1
  D:00C8H         PUBLIC        T2CON
  D:00D0H         PUBLIC        PSW
  C:09D0H         PUBLIC        _LatchWrite
  -------         PROC          _LATCHWRITE
  D:0007H         SYMBOL        select
  D:0005H         SYMBOL        value
  C:09D0H         LINE#         24
  C:09D0H         LINE#         25
  C:09D0H         LINE#         26
  C:09D3H         LINE#         27
  C:09D5H         LINE#         28
  C:09D8H         LINE#         29
  C:09D9H         LINE#         30
  C:09DCH         LINE#         31
  C:09DFH         LINE#         32
  -------         ENDPROC       _LATCHWRITE
  -------         PROC          BOARDINIT
  C:0930H         LINE#         34
  C:0930H         LINE#         35
  C:0930H         LINE#         36
  C:0932H         LINE#         37
  C:0935H         LINE#         38
  C:0938H         LINE#         39
  C:093BH         LINE#         40
  C:093CH         LINE#         41
  C:093FH         LINE#         42
  C:0942H         LINE#         43
  C:0943H         LINE#         44
  C:0946H         LINE#         45
  C:0949H         LINE#         46
  C:094CH         LINE#         47
  C:094DH         LINE#         48
  C:0950H         LINE#         49
BL51 BANKED LINKER/LOCATER V6.22                                                      09/12/2026  09:50:10  PAGE 4


  C:0953H         LINE#         50
  C:0954H         LINE#         51
  C:0957H         LINE#         52
  C:0959H         LINE#         53
  C:095CH         LINE#         54
  C:095EH         LINE#         55
  C:0960H         LINE#         56
  -------         ENDPROC       BOARDINIT
  -------         PROC          TIMER1INIT
  C:09A5H         LINE#         58
  C:09A5H         LINE#         59
  C:09A5H         LINE#         60
  C:09A7H         LINE#         61
  C:09AAH         LINE#         62
  C:09ADH         LINE#         63
  C:09B0H         LINE#         64
  C:09B3H         LINE#         65
  C:09B5H         LINE#         66
  C:09B7H         LINE#         67
  C:09B9H         LINE#         68
  C:09BBH         LINE#         69
  -------         ENDPROC       TIMER1INIT
  -------         PROC          KEYSETTLE
  -------         DO            
  D:0007H         SYMBOL        i
  -------         ENDDO         
  C:09EFH         LINE#         73
  C:09EFH         LINE#         74
  C:09EFH         LINE#         77
  C:09F1H         LINE#         78
  C:09F1H         LINE#         79
  C:09F2H         LINE#         80
  C:09F6H         LINE#         81
  -------         ENDPROC       KEYSETTLE
  -------         PROC          KEYREAD
  -------         DO            
  D:0004H         SYMBOL        row
  D:0006H         SYMBOL        count
  D:0005H         SYMBOL        value
  -------         ENDDO         
  C:08A0H         LINE#         83
  C:08A0H         LINE#         84
  C:08A0H         LINE#         89
  C:08A2H         LINE#         90
  C:08A3H         LINE#         91
  C:08A5H         LINE#         92
  C:08A7H         LINE#         93
  C:08A8H         LINE#         94
  C:08A8H         LINE#         95
  C:08AFH         LINE#         96
  C:08B2H         LINE#         97
  C:08B5H         LINE#         98
  C:08B5H         LINE#         99
  C:08BCH         LINE#         100
  C:08BDH         LINE#         101
  C:08BDH         LINE#         102
  C:08C0H         LINE#         103
BL51 BANKED LINKER/LOCATER V6.22                                                      09/12/2026  09:50:10  PAGE 5


  C:08C0H         LINE#         104
  C:08C8H         LINE#         105
  C:08C9H         LINE#         106
  C:08C9H         LINE#         107
  C:08CCH         LINE#         108
  C:08CCH         LINE#         109
  C:08D4H         LINE#         110
  C:08D5H         LINE#         111
  C:08D5H         LINE#         112
  C:08D8H         LINE#         113
  C:08D8H         LINE#         114
  C:08E0H         LINE#         115
  C:08E1H         LINE#         116
  C:08E1H         LINE#         117
  C:08E4H         LINE#         118
  C:08E8H         LINE#         119
  C:08EEH         LINE#         120
  C:08EEH         LINE#         121
  C:08F1H         LINE#         122
  C:08F1H         LINE#         123
  C:08F3H         LINE#         124
  -------         ENDPROC       KEYREAD
  -------         PROC          KEYEVENT
  -------         DO            
  D:0008H         SYMBOL        previous
  D:0009H         SYMBOL        stable
  D:000AH         SYMBOL        samples
  D:000BH         SYMBOL        armed
  D:0007H         SYMBOL        raw
  -------         ENDDO         
  C:08F4H         LINE#         126
  C:08F4H         LINE#         127
  C:08F4H         LINE#         134
  C:08F7H         LINE#         135
  C:08FCH         LINE#         136
  C:08FCH         LINE#         137
  C:08FEH         LINE#         138
  C:0901H         LINE#         139
  C:0903H         LINE#         140
  C:090AH         LINE#         141
  C:090AH         LINE#         142
  C:090CH         LINE#         143
  C:090CH         LINE#         144
  C:0917H         LINE#         145
  C:0917H         LINE#         146
  C:0919H         LINE#         147
  C:091CH         LINE#         148
  C:091CH         LINE#         149
  C:091FH         LINE#         150
  C:0921H         LINE#         151
  C:0925H         LINE#         152
  C:0925H         LINE#         153
  C:0928H         LINE#         154
  C:092CH         LINE#         155
  C:092CH         LINE#         156
  C:092DH         LINE#         157
  C:092DH         LINE#         158
BL51 BANKED LINKER/LOCATER V6.22                                                      09/12/2026  09:50:10  PAGE 6


  C:092DH         LINE#         159
  C:092DH         LINE#         160
  C:092FH         LINE#         161
  -------         ENDPROC       KEYEVENT
  -------         PROC          _DISPLAYSTATIC
  D:0006H         SYMBOL        value
  C:098AH         LINE#         163
  C:098CH         LINE#         164
  C:098CH         LINE#         165
  C:0993H         LINE#         166
  C:099EH         LINE#         167
  -------         ENDPROC       _DISPLAYSTATIC
  -------         PROC          MAIN
  -------         DO            
  D:0003H         SYMBOL        key
  -------         ENDDO         
  C:0961H         LINE#         170
  C:0961H         LINE#         171
  C:0961H         LINE#         174
  C:0964H         LINE#         175
  C:0969H         LINE#         176
  C:096CH         LINE#         177
  C:096CH         LINE#         178
  C:096CH         LINE#         179
  C:096FH         LINE#         180
  C:096FH         LINE#         181
  C:0971H         LINE#         182
  C:0976H         LINE#         183
  C:0982H         LINE#         184
  C:0982H         LINE#         185
  C:0988H         LINE#         186
  C:0988H         LINE#         187
  C:0988H         LINE#         188
  -------         ENDPROC       MAIN
  -------         PROC          TIMER1_ISR
  C:09F7H         LINE#         191
  C:09F7H         LINE#         193
  C:09F9H         LINE#         194
  -------         ENDPROC       TIMER1_ISR
  -------         ENDMOD        MAIN

******************************************************************************
* RESTRICTED VERSION WITH 0800H BYTE CODE SIZE LIMIT; USED: 017FH BYTE (18%) *
******************************************************************************

Program Size: data=13.1 xdata=0 code=512
LINK/LOCATE RUN COMPLETE.  0 WARNING(S),  0 ERROR(S)
