C51 COMPILER V9.54   MAIN                                                                  10/03/2026 03:27:46 PAGE 1   


C51 COMPILER V9.54, COMPILATION OF MODULE MAIN
OBJECT MODULE PLACED IN .\Objects\main.obj
COMPILER INVOKED BY: D:\Keil5\C51\BIN\C51.EXE main.c OPTIMIZE(8,SPEED) BROWSE DEBUG OBJECTEXTEND PRINT(.\Listings\main.l
                    -st) TABS(2) OBJECT(.\Objects\main.obj)

line level    source

   1          #include <reg52.h>
   2          #include <intrins.h>
   3          
   4          sfr P4 = 0xC0;
   5          
   6          sbit ROW1 = P3^0;
   7          sbit ROW2 = P3^1;
   8          sbit ROW3 = P3^2;
   9          sbit ROW4 = P3^3;
  10          
  11          sbit COL1 = P4^4;
  12          sbit COL2 = P4^2;
  13          sbit COL3 = P3^5;
  14          sbit COL4 = P3^4;
  15          
  16          unsigned char code table[16] = {
  17              0xC0, 0xF9, 0xA4, 0xB0,
  18              0x99, 0x92, 0x82, 0xF8,
  19              0x80, 0x90, 0x88, 0x83,
  20              0xC6, 0xA1, 0x86, 0x8E
  21          };
  22          
  23          void DelayShort(void)
  24          {
  25   1          unsigned char i;
  26   1      
  27   1          for(i = 0; i < 50; i++)
  28   1          {
  29   2              _nop_();
  30   2          }
  31   1      }
  32          
  33          void DelayKey(void)
  34          {
  35   1          unsigned int i;
  36   1      
  37   1          for(i = 0; i < 5000; i++)
  38   1          {
  39   2              _nop_();
  40   2          }
  41   1      }
  42          
  43          void LatchWrite(unsigned char select, unsigned char value)
  44          {
  45   1          P2 &= 0x1F;
  46   1          P0 = value;
  47   1          P2 |= select;
  48   1          _nop_();
  49   1          P2 &= 0x1F;
  50   1          P0 = 0x00;
  51   1      }
  52          
  53          void BoardInit(void)
  54          {
C51 COMPILER V9.54   MAIN                                                                  10/03/2026 03:27:46 PAGE 2   

  55   1          EA = 0;
  56   1      
  57   1          P2 &= 0x1F;
  58   1          P0 = 0x00;
  59   1      
  60   1          LatchWrite(0x80, 0xFF);
  61   1          LatchWrite(0xA0, 0x00);
  62   1          LatchWrite(0xC0, 0x00);
  63   1          LatchWrite(0xE0, 0xFF);
  64   1      
  65   1          P2 &= 0x1F;
  66   1          P0 = 0x00;
  67   1      
  68   1          ROW1 = 1;
  69   1          ROW2 = 1;
  70   1          ROW3 = 1;
  71   1          ROW4 = 1;
  72   1      
  73   1          COL1 = 1;
  74   1          COL2 = 1;
  75   1          COL3 = 1;
  76   1          COL4 = 1;
  77   1      }
  78          
  79          void DisplayStatic(unsigned char value)
  80          {
  81   1          LatchWrite(0xC0, 0x00);
  82   1          LatchWrite(0xE0, table[value]);
  83   1          LatchWrite(0xC0, 0x0F);
  84   1      }
  85          
  86          unsigned char KeyScan(void)
  87          {
  88   1          ROW1 = 1;
  89   1          ROW2 = 1;
  90   1          ROW3 = 1;
  91   1          ROW4 = 1;
  92   1      
  93   1          COL1 = 1;
  94   1          COL2 = 1;
  95   1          COL3 = 1;
  96   1          COL4 = 1;
  97   1      
  98   1          COL4 = 0;
  99   1          DelayShort();
 100   1      
 101   1          if(ROW1 == 0)
 102   1          {
 103   2              COL4 = 1;
 104   2              return 3;
 105   2          }
 106   1      
 107   1          if(ROW2 == 0)
 108   1          {
 109   2              COL4 = 1;
 110   2              return 7;
 111   2          }
 112   1      
 113   1          if(ROW3 == 0)
 114   1          {
 115   2              COL4 = 1;
 116   2              return 11;
C51 COMPILER V9.54   MAIN                                                                  10/03/2026 03:27:46 PAGE 3   

 117   2          }
 118   1      
 119   1          if(ROW4 == 0)
 120   1          {
 121   2              COL4 = 1;
 122   2              return 15;
 123   2          }
 124   1      
 125   1          COL4 = 1;
 126   1          DelayShort();
 127   1      
 128   1          COL1 = 0;
 129   1          DelayShort();
 130   1      
 131   1          if(ROW1 == 0)
 132   1          {
 133   2              COL1 = 1;
 134   2              return 0;
 135   2          }
 136   1      
 137   1          if(ROW2 == 0)
 138   1          {
 139   2              COL1 = 1;
 140   2              return 4;
 141   2          }
 142   1      
 143   1          if(ROW3 == 0)
 144   1          {
 145   2              COL1 = 1;
 146   2              return 8;
 147   2          }
 148   1      
 149   1          if(ROW4 == 0)
 150   1          {
 151   2              COL1 = 1;
 152   2              return 12;
 153   2          }
 154   1      
 155   1          COL1 = 1;
 156   1          DelayShort();
 157   1      
 158   1          COL2 = 0;
 159   1          DelayShort();
 160   1      
 161   1          if(ROW1 == 0)
 162   1          {
 163   2              COL2 = 1;
 164   2              return 1;
 165   2          }
 166   1      
 167   1          if(ROW2 == 0)
 168   1          {
 169   2              COL2 = 1;
 170   2              return 5;
 171   2          }
 172   1      
 173   1          if(ROW3 == 0)
 174   1          {
 175   2              COL2 = 1;
 176   2              return 9;
 177   2          }
 178   1      
C51 COMPILER V9.54   MAIN                                                                  10/03/2026 03:27:46 PAGE 4   

 179   1          if(ROW4 == 0)
 180   1          {
 181   2              COL2 = 1;
 182   2              return 13;
 183   2          }
 184   1      
 185   1          COL2 = 1;
 186   1          DelayShort();
 187   1      
 188   1          COL3 = 0;
 189   1          DelayShort();
 190   1      
 191   1          if(ROW1 == 0)
 192   1          {
 193   2              COL3 = 1;
 194   2              return 2;
 195   2          }
 196   1      
 197   1          if(ROW2 == 0)
 198   1          {
 199   2              COL3 = 1;
 200   2              return 6;
 201   2          }
 202   1      
 203   1          if(ROW3 == 0)
 204   1          {
 205   2              COL3 = 1;
 206   2              return 10;
 207   2          }
 208   1      
 209   1          if(ROW4 == 0)
 210   1          {
 211   2              COL3 = 1;
 212   2              return 14;
 213   2          }
 214   1      
 215   1          COL3 = 1;
 216   1      
 217   1          return 0xFF;
 218   1      }
 219          
 220          unsigned char KeyEvent(void)
 221          {
 222   1          static unsigned char locked = 0;
 223   1          unsigned char key;
 224   1      
 225   1          key = KeyScan();
 226   1      
 227   1          if(locked == 0)
 228   1          {
 229   2              if(key < 16)
 230   2              {
 231   3                  DelayKey();
 232   3      
 233   3                  if(KeyScan() == key)
 234   3                  {
 235   4                      locked = 1;
 236   4                      return key;
 237   4                  }
 238   3              }
 239   2          }
 240   1          else
C51 COMPILER V9.54   MAIN                                                                  10/03/2026 03:27:46 PAGE 5   

 241   1          {
 242   2              if(key == 0xFF)
 243   2              {
 244   3                  DelayKey();
 245   3      
 246   3                  if(KeyScan() == 0xFF)
 247   3                  {
 248   4                      locked = 0;
 249   4                  }
 250   3              }
 251   2          }
 252   1      
 253   1          return 0xFF;
 254   1      }
 255          
 256          void main(void)
 257          {
 258   1          unsigned char key;
 259   1      
 260   1          BoardInit();
 261   1      
 262   1          while(1)
 263   1          {
 264   2              key = KeyEvent();
 265   2      
 266   2              if(key < 16)
 267   2              {
 268   3                  DisplayStatic(key);
 269   3              }
 270   2          }
 271   1      }


MODULE INFORMATION:   STATIC OVERLAYABLE
   CODE SIZE        =    376    ----
   CONSTANT SIZE    =     16    ----
   XDATA SIZE       =   ----    ----
   PDATA SIZE       =   ----    ----
   DATA SIZE        =      1    ----
   IDATA SIZE       =   ----    ----
   BIT SIZE         =   ----    ----
END OF MODULE INFORMATION.


C51 COMPILATION COMPLETE.  0 WARNING(S),  0 ERROR(S)
