BL51 BANKED LINKER/LOCATER V6.22                                                        09/05/2026  12:59:38  PAGE 1


BL51 BANKED LINKER/LOCATER V6.22, INVOKED BY:
D:\KEIL5\C51\BIN\BL51.EXE .\Objects\STARTUP.obj, .\Objects\main.obj TO .\Objects\03_ws PRINT (.\Listings\03_ws.m51) RAMS
>> IZE (256)


MEMORY MODEL: SMALL


INPUT MODULES INCLUDED:
  .\Objects\STARTUP.obj (?C_STARTUP)
  .\Objects\main.obj (MAIN)


LINK MAP OF MODULE:  .\Objects\03_ws (?C_STARTUP)


            TYPE    BASE      LENGTH    RELOCATION   SEGMENT NAME
            -----------------------------------------------------

            * * * * * * *   D A T A   M E M O R Y   * * * * * * *
            REG     0000H     0008H     ABSOLUTE     "REG BANK 0"
            IDATA   0008H     0001H     UNIT         ?STACK

            * * * * * * *   C O D E   M E M O R Y   * * * * * * *
            CODE    0000H     0003H     ABSOLUTE     
                    0003H     07FDH                  *** GAP ***
            CODE    0800H     002BH     UNIT         ?PR?MAIN?MAIN
            CODE    082BH     0015H     UNIT         ?PR?_DELAY?MAIN
            CODE    0840H     0012H     UNIT         ?PR?_LED_WRITE?MAIN
            CODE    0852H     000EH     UNIT         ?PR?DELAY500MS?MAIN
            CODE    0860H     000CH     UNIT         ?C_C51STARTUP



OVERLAY MAP OF MODULE:   .\Objects\03_ws (?C_STARTUP)


SEGMENT
  +--> CALLED SEGMENT
---------------------
?C_C51STARTUP
  +--> ?PR?MAIN?MAIN

?PR?MAIN?MAIN
  +--> ?PR?_LED_WRITE?MAIN
  +--> ?PR?DELAY500MS?MAIN

?PR?DELAY500MS?MAIN
  +--> ?PR?_DELAY?MAIN



SYMBOL TABLE OF MODULE:  .\Objects\03_ws (?C_STARTUP)

  VALUE           TYPE          NAME
  ----------------------------------

  -------         MODULE        ?C_STARTUP
BL51 BANKED LINKER/LOCATER V6.22                                                      09/05/2026  12:59:38  PAGE 2


  C:0860H         SEGMENT       ?C_C51STARTUP
  I:0008H         SEGMENT       ?STACK
  C:0000H         PUBLIC        ?C_STARTUP
  D:00E0H         SYMBOL        ACC
  D:00F0H         SYMBOL        B
  D:0083H         SYMBOL        DPH
  D:0082H         SYMBOL        DPL
  N:0000H         SYMBOL        IBPSTACK
  N:0100H         SYMBOL        IBPSTACKTOP
  N:0080H         SYMBOL        IDATALEN
  C:0863H         SYMBOL        IDATALOOP
  N:0000H         SYMBOL        PBPSTACK
  N:0100H         SYMBOL        PBPSTACKTOP
  N:0000H         SYMBOL        PDATALEN
  N:0000H         SYMBOL        PDATASTART
  N:0000H         SYMBOL        PPAGE
  N:0000H         SYMBOL        PPAGEENABLE
  D:00A0H         SYMBOL        PPAGE_SFR
  D:0081H         SYMBOL        SP
  C:0860H         SYMBOL        STARTUP1
  N:0000H         SYMBOL        XBPSTACK
  N:0000H         SYMBOL        XBPSTACKTOP
  N:0000H         SYMBOL        XDATALEN
  N:0000H         SYMBOL        XDATASTART
  C:0000H         LINE#         126
  C:0860H         LINE#         133
  C:0862H         LINE#         134
  C:0863H         LINE#         135
  C:0864H         LINE#         136
  C:0866H         LINE#         185
  C:0869H         LINE#         196
  -------         ENDMOD        ?C_STARTUP

  -------         MODULE        MAIN
  C:0000H         SYMBOL        _ICE_DUMMY_
  D:0080H         PUBLIC        P0
  D:0090H         PUBLIC        P1
  D:00A0H         PUBLIC        P2
  D:00B0H         PUBLIC        P3
  D:00A8H         PUBLIC        IE
  D:00B8H         PUBLIC        IP
  C:0800H         PUBLIC        main
  D:0098H         PUBLIC        SCON
  D:0088H         PUBLIC        TCON
  C:0840H         PUBLIC        _LED_Write
  B:00A0H.5       PUBLIC        HC138_A
  B:00A0H.6       PUBLIC        HC138_B
  B:00A0H.7       PUBLIC        HC138_C
  D:00C8H         PUBLIC        T2CON
  C:0852H         PUBLIC        Delay500ms
  C:082BH         PUBLIC        _Delay
  D:00D0H         PUBLIC        PSW
  -------         PROC          _DELAY
  D:0006H         SYMBOL        t
  C:082BH         LINE#         9
  C:082BH         LINE#         10
  C:082BH         LINE#         11
BL51 BANKED LINKER/LOCATER V6.22                                                      09/05/2026  12:59:38  PAGE 3


  C:0835H         LINE#         12
  C:083FH         LINE#         13
  -------         ENDPROC       _DELAY
  -------         PROC          DELAY500MS
  C:0852H         LINE#         17
  C:0852H         LINE#         18
  C:0852H         LINE#         19
  C:0859H         LINE#         20
  -------         ENDPROC       DELAY500MS
  -------         PROC          _LED_WRITE
  D:0007H         SYMBOL        dat
  C:0840H         LINE#         25
  C:0840H         LINE#         26
  C:0840H         LINE#         28
  C:0842H         LINE#         29
  C:0844H         LINE#         30
  C:0846H         LINE#         33
  C:0848H         LINE#         39
  C:084AH         LINE#         40
  C:084CH         LINE#         41
  C:084EH         LINE#         51
  C:0851H         LINE#         52
  -------         ENDPROC       _LED_WRITE
  -------         PROC          MAIN
  -------         DO            
  D:0005H         SYMBOL        i
  -------         ENDDO         
  C:0800H         LINE#         55
  C:0800H         LINE#         56
  C:0800H         LINE#         63
  C:0803H         LINE#         65
  C:0804H         LINE#         66
  C:0804H         LINE#         68
  C:0809H         LINE#         69
  C:080CH         LINE#         72
  C:0811H         LINE#         73
  C:0814H         LINE#         85
  C:0817H         LINE#         86
  C:081AH         LINE#         89
  C:081DH         LINE#         90
  C:0821H         LINE#         93
  C:0826H         LINE#         96
  C:0829H         LINE#         98
  -------         ENDPROC       MAIN
  -------         ENDMOD        MAIN

******************************************************************************
* RESTRICTED VERSION WITH 0800H BYTE CODE SIZE LIMIT; USED: 006FH BYTE ( 5%) *
******************************************************************************

Program Size: data=9.0 xdata=0 code=111
LINK/LOCATE RUN COMPLETE.  0 WARNING(S),  0 ERROR(S)
