BL51 BANKED LINKER/LOCATER V6.22                                                        09/11/2026  13:43:19  PAGE 1


BL51 BANKED LINKER/LOCATER V6.22, INVOKED BY:
D:\KEIL5\C51\BIN\BL51.EXE .\Objects\STARTUP.obj, .\Objects\main.obj TO .\Objects\03_ws PRINT (.\Listings\03_ws.m51) RAMS
>> IZE (256)


MEMORY MODEL: SMALL


INPUT MODULES INCLUDED:
  .\Objects\STARTUP.obj (?C_STARTUP)
  .\Objects\main.obj (MAIN)


LINK MAP OF MODULE:  .\Objects\03_ws (?C_STARTUP)


            TYPE    BASE      LENGTH    RELOCATION   SEGMENT NAME
            -----------------------------------------------------

            * * * * * * *   D A T A   M E M O R Y   * * * * * * *
            REG     0000H     0008H     ABSOLUTE     "REG BANK 0"
            IDATA   0008H     0001H     UNIT         ?STACK

            * * * * * * *   C O D E   M E M O R Y   * * * * * * *
            CODE    0000H     0003H     ABSOLUTE     
                    0003H     07FDH                  *** GAP ***
            CODE    0800H     0032H     UNIT         ?PR?MAIN?MAIN
            CODE    0832H     002DH     UNIT         ?PR?SYSTEM_INIT?MAIN
            CODE    085FH     0016H     UNIT         ?PR?_LED_WRITE?MAIN
            CODE    0875H     0015H     UNIT         ?PR?_DELAY?MAIN
            CODE    088AH     000EH     UNIT         ?PR?DELAY500MS?MAIN
            CODE    0898H     000CH     UNIT         ?C_C51STARTUP
            CODE    08A4H     000BH     UNIT         ?PR?_ACTUATOR_WRITE?MAIN



OVERLAY MAP OF MODULE:   .\Objects\03_ws (?C_STARTUP)


SEGMENT
  +--> CALLED SEGMENT
---------------------
?C_C51STARTUP
  +--> ?PR?MAIN?MAIN

?PR?MAIN?MAIN
  +--> ?PR?SYSTEM_INIT?MAIN
  +--> ?PR?_LED_WRITE?MAIN
  +--> ?PR?DELAY500MS?MAIN
  +--> ?PR?_ACTUATOR_WRITE?MAIN

?PR?DELAY500MS?MAIN
  +--> ?PR?_DELAY?MAIN



SYMBOL TABLE OF MODULE:  .\Objects\03_ws (?C_STARTUP)

BL51 BANKED LINKER/LOCATER V6.22                                                      09/11/2026  13:43:19  PAGE 2


  VALUE           TYPE          NAME
  ----------------------------------

  -------         MODULE        ?C_STARTUP
  C:0898H         SEGMENT       ?C_C51STARTUP
  I:0008H         SEGMENT       ?STACK
  C:0000H         PUBLIC        ?C_STARTUP
  D:00E0H         SYMBOL        ACC
  D:00F0H         SYMBOL        B
  D:0083H         SYMBOL        DPH
  D:0082H         SYMBOL        DPL
  N:0000H         SYMBOL        IBPSTACK
  N:0100H         SYMBOL        IBPSTACKTOP
  N:0080H         SYMBOL        IDATALEN
  C:089BH         SYMBOL        IDATALOOP
  N:0000H         SYMBOL        PBPSTACK
  N:0100H         SYMBOL        PBPSTACKTOP
  N:0000H         SYMBOL        PDATALEN
  N:0000H         SYMBOL        PDATASTART
  N:0000H         SYMBOL        PPAGE
  N:0000H         SYMBOL        PPAGEENABLE
  D:00A0H         SYMBOL        PPAGE_SFR
  D:0081H         SYMBOL        SP
  C:0898H         SYMBOL        STARTUP1
  N:0000H         SYMBOL        XBPSTACK
  N:0000H         SYMBOL        XBPSTACKTOP
  N:0000H         SYMBOL        XDATALEN
  N:0000H         SYMBOL        XDATASTART
  C:0000H         LINE#         126
  C:0898H         LINE#         133
  C:089AH         LINE#         134
  C:089BH         LINE#         135
  C:089CH         LINE#         136
  C:089EH         LINE#         185
  C:08A1H         LINE#         196
  -------         ENDMOD        ?C_STARTUP

  -------         MODULE        MAIN
  C:0000H         SYMBOL        _ICE_DUMMY_
  C:0832H         PUBLIC        System_Init
  D:0080H         PUBLIC        P0
  D:0090H         PUBLIC        P1
  D:00A0H         PUBLIC        P2
  D:00B0H         PUBLIC        P3
  D:00A8H         PUBLIC        IE
  D:00B8H         PUBLIC        IP
  C:0800H         PUBLIC        main
  D:0098H         PUBLIC        SCON
  D:0088H         PUBLIC        TCON
  C:08A4H         PUBLIC        _Actuator_Write
  C:085FH         PUBLIC        _LED_Write
  D:00C8H         PUBLIC        T2CON
  C:088AH         PUBLIC        Delay500ms
  C:0875H         PUBLIC        _Delay
  D:00D0H         PUBLIC        PSW
  -------         PROC          _DELAY
  D:0006H         SYMBOL        t
BL51 BANKED LINKER/LOCATER V6.22                                                      09/11/2026  13:43:19  PAGE 3


  C:0875H         LINE#         3
  C:0875H         LINE#         4
  C:0875H         LINE#         5
  C:087FH         LINE#         6
  C:0889H         LINE#         7
  -------         ENDPROC       _DELAY
  -------         PROC          DELAY500MS
  C:088AH         LINE#         9
  C:088AH         LINE#         10
  C:088AH         LINE#         11
  C:0891H         LINE#         12
  -------         ENDPROC       DELAY500MS
  -------         PROC          SYSTEM_INIT
  C:0832H         LINE#         15
  C:0832H         LINE#         16
  C:0832H         LINE#         17
  C:083AH         LINE#         18
  C:083DH         LINE#         20
  C:0845H         LINE#         21
  C:0848H         LINE#         23
  C:0850H         LINE#         24
  C:0853H         LINE#         26
  C:085BH         LINE#         27
  C:085EH         LINE#         28
  -------         ENDPROC       SYSTEM_INIT
  -------         PROC          _LED_WRITE
  D:0007H         SYMBOL        dat
  C:085FH         LINE#         30
  C:085FH         LINE#         31
  C:085FH         LINE#         32
  C:0867H         LINE#         33
  C:0869H         LINE#         35
  C:0871H         LINE#         36
  C:0874H         LINE#         37
  -------         ENDPROC       _LED_WRITE
  -------         PROC          _ACTUATOR_WRITE
  D:0007H         SYMBOL        dat
  C:08A4H         LINE#         39
  C:08A4H         LINE#         40
  C:08A4H         LINE#         41
  C:08ACH         LINE#         42
  C:08AEH         LINE#         43
  -------         ENDPROC       _ACTUATOR_WRITE
  -------         PROC          MAIN
  -------         DO            
  D:0005H         SYMBOL        i
  -------         ENDDO         
  C:0800H         LINE#         45
  C:0800H         LINE#         46
  C:0800H         LINE#         49
  C:0803H         LINE#         51
  C:0805H         LINE#         52
  C:0805H         LINE#         53
  C:080AH         LINE#         54
  C:080DH         LINE#         56
  C:0812H         LINE#         57
  C:0815H         LINE#         59
BL51 BANKED LINKER/LOCATER V6.22                                                      09/11/2026  13:43:19  PAGE 4


  C:081AH         LINE#         60
  C:081DH         LINE#         62
  C:0822H         LINE#         63
  C:0826H         LINE#         65
  C:082BH         LINE#         66
  C:0830H         LINE#         68
  -------         ENDPROC       MAIN
  -------         ENDMOD        MAIN

******************************************************************************
* RESTRICTED VERSION WITH 0800H BYTE CODE SIZE LIMIT; USED: 00B2H BYTE ( 8%) *
******************************************************************************

Program Size: data=9.0 xdata=0 code=178
LINK/LOCATE RUN COMPLETE.  0 WARNING(S),  0 ERROR(S)
