C51 COMPILER V9.54   MAIN                                                                  09/05/2026 12:59:38 PAGE 1   


C51 COMPILER V9.54, COMPILATION OF MODULE MAIN
OBJECT MODULE PLACED IN .\Objects\main.obj
COMPILER INVOKED BY: D:\Keil5\C51\BIN\C51.EXE main.c OPTIMIZE(8,SPEED) BROWSE DEBUG OBJECTEXTEND PRINT(.\Listings\main.l
                    -st) TABS(2) OBJECT(.\Objects\main.obj)

line level    source

   1          #include <reg52.h>
   2          
   3          sbit HC138_A = P2^5;
   4          sbit HC138_B = P2^6;
   5          sbit HC138_C = P2^7;
   6          
   7          
   8          /* ???? */
   9          void Delay(unsigned int t)
  10          {
  11   1          while(t--);
  12   1          while(t--);
  13   1      }
  14          
  15          
  16          /* ?? 500ms */
  17          void Delay500ms()
  18          {
  19   1          Delay(60000);
  20   1          Delay(60000);
  21   1      }
  22          
  23          
  24          /* ? LED ?????? */
  25          void LED_Write(unsigned char dat)
  26          {
  27   1          /* 100:?? Y4 */
  28   1          HC138_C = 1;
  29   1          HC138_B = 0;
  30   1          HC138_A = 0;
  31   1      
  32   1          /* LED ???? 74HC573 */
  33   1          P0 = dat;
  34   1      
  35   1          /*
  36   1             101:?? Y4
  37   1             74HC573 ????? LED ??
  38   1          */
  39   1          HC138_C = 1;
  40   1          HC138_B = 0;
  41   1          HC138_A = 1;
  42   1      
  43   1          /*
  44   1             ???? P0
  45   1      
  46   1             P0.6 = 0 ? ?????
  47   1             P0.4 = 0 ? ?????
  48   1      
  49   1             LED ????,???????
  50   1          */
  51   1          P0 = 0x00;
  52   1      }
  53          
  54          
C51 COMPILER V9.54   MAIN                                                                  09/05/2026 12:59:38 PAGE 2   

  55          void main()
  56          {
  57   1          unsigned char i;
  58   1      
  59   1          /*
  60   1             ???????:
  61   1             ???????????
  62   1          */
  63   1          P0 = 0x00;
  64   1      
  65   1          for(i = 0; i < 3; i++)
  66   1          {
  67   2              /* LED ?? */
  68   2              LED_Write(0x00);
  69   2              Delay500ms();
  70   2      
  71   2              /* LED ?? */
  72   2              LED_Write(0xFF);
  73   2              Delay500ms();
  74   2      
  75   2              /*
  76   2                 ??????
  77   2      
  78   2                 0x40 = 0100 0000
  79   2                         ?
  80   2                       P0.6 = 1
  81   2      
  82   2                 P0.4 ?? = 0
  83   2                 ?????????
  84   2              */
  85   2              P0 = 0x40;
  86   2              Delay500ms();
  87   2      
  88   2              /* ????? */
  89   2              P0 = 0x00;
  90   2          }
  91   1      
  92   1          /* ????? LED ?? */
  93   1          LED_Write(0xFF);
  94   1      
  95   1          /* ??????????? */
  96   1          P0 = 0x00;
  97   1      
  98   1          while(1);
  99   1      }


MODULE INFORMATION:   STATIC OVERLAYABLE
   CODE SIZE        =     96    ----
   CONSTANT SIZE    =   ----    ----
   XDATA SIZE       =   ----    ----
   PDATA SIZE       =   ----    ----
   DATA SIZE        =   ----    ----
   IDATA SIZE       =   ----    ----
   BIT SIZE         =   ----    ----
END OF MODULE INFORMATION.


C51 COMPILATION COMPLETE.  0 WARNING(S),  0 ERROR(S)
