BL51 BANKED LINKER/LOCATER V6.22                                                        09/11/2026  14:24:25  PAGE 1


BL51 BANKED LINKER/LOCATER V6.22, INVOKED BY:
D:\KEIL5\C51\BIN\BL51.EXE .\Objects\STARTUP.obj, .\Objects\main.obj TO .\Objects\05_ws PRINT (.\Listings\05_ws.m51) RAMS
>> IZE (256)


MEMORY MODEL: SMALL


INPUT MODULES INCLUDED:
  .\Objects\STARTUP.obj (?C_STARTUP)
  .\Objects\main.obj (MAIN)


LINK MAP OF MODULE:  .\Objects\05_ws (?C_STARTUP)


            TYPE    BASE      LENGTH    RELOCATION   SEGMENT NAME
            -----------------------------------------------------

            * * * * * * *   D A T A   M E M O R Y   * * * * * * *
            REG     0000H     0008H     ABSOLUTE     "REG BANK 0"
            DATA    0008H     0008H     UNIT         ?DT?MAIN
            DATA    0010H     0002H     UNIT         _DATA_GROUP_
            IDATA   0012H     0001H     UNIT         ?STACK

            * * * * * * *   C O D E   M E M O R Y   * * * * * * *
            CODE    0000H     0003H     ABSOLUTE     
                    0003H     07FDH                  *** GAP ***
            CODE    0800H     003FH     UNIT         ?PR?SCANDISPLAY?MAIN
            CODE    083FH     003BH     UNIT         ?PR?INITBOARD?MAIN
            CODE    087AH     002EH     UNIT         ?PR?MAIN?MAIN
            CODE    08A8H     0022H     UNIT         ?PR?_UPDATEDISPLAY?MAIN
            CODE    08CAH     0011H     UNIT         ?CO?MAIN
            CODE    08DBH     000CH     UNIT         ?C_C51STARTUP
            CODE    08E7H     000BH     UNIT         ?PR?_DELAY?MAIN



OVERLAY MAP OF MODULE:   .\Objects\05_ws (?C_STARTUP)


SEGMENT                           DATA_GROUP 
  +--> CALLED SEGMENT           START    LENGTH
-----------------------------------------------
?C_C51STARTUP                   -----    -----
  +--> ?PR?MAIN?MAIN

?PR?MAIN?MAIN                   0010H    0002H
  +--> ?PR?INITBOARD?MAIN
  +--> ?PR?_UPDATEDISPLAY?MAIN
  +--> ?PR?SCANDISPLAY?MAIN

?PR?SCANDISPLAY?MAIN            -----    -----
  +--> ?CO?MAIN
  +--> ?PR?_DELAY?MAIN



BL51 BANKED LINKER/LOCATER V6.22                                                      09/11/2026  14:24:25  PAGE 2


SYMBOL TABLE OF MODULE:  .\Objects\05_ws (?C_STARTUP)

  VALUE           TYPE          NAME
  ----------------------------------

  -------         MODULE        ?C_STARTUP
  C:08DBH         SEGMENT       ?C_C51STARTUP
  I:0012H         SEGMENT       ?STACK
  C:0000H         PUBLIC        ?C_STARTUP
  D:00E0H         SYMBOL        ACC
  D:00F0H         SYMBOL        B
  D:0083H         SYMBOL        DPH
  D:0082H         SYMBOL        DPL
  N:0000H         SYMBOL        IBPSTACK
  N:0100H         SYMBOL        IBPSTACKTOP
  N:0080H         SYMBOL        IDATALEN
  C:08DEH         SYMBOL        IDATALOOP
  N:0000H         SYMBOL        PBPSTACK
  N:0100H         SYMBOL        PBPSTACKTOP
  N:0000H         SYMBOL        PDATALEN
  N:0000H         SYMBOL        PDATASTART
  N:0000H         SYMBOL        PPAGE
  N:0000H         SYMBOL        PPAGEENABLE
  D:00A0H         SYMBOL        PPAGE_SFR
  D:0081H         SYMBOL        SP
  C:08DBH         SYMBOL        STARTUP1
  N:0000H         SYMBOL        XBPSTACK
  N:0000H         SYMBOL        XBPSTACKTOP
  N:0000H         SYMBOL        XDATALEN
  N:0000H         SYMBOL        XDATASTART
  C:0000H         LINE#         126
  C:08DBH         LINE#         133
  C:08DDH         LINE#         134
  C:08DEH         LINE#         135
  C:08DFH         LINE#         136
  C:08E1H         LINE#         185
  C:08E4H         LINE#         196
  -------         ENDMOD        ?C_STARTUP

  -------         MODULE        MAIN
  C:0000H         SYMBOL        _ICE_DUMMY_
  D:0080H         PUBLIC        P0
  D:0090H         PUBLIC        P1
  C:083FH         PUBLIC        InitBoard
  D:00A0H         PUBLIC        P2
  D:00B0H         PUBLIC        P3
  C:08CAH         PUBLIC        table
  D:00A8H         PUBLIC        IE
  D:00B8H         PUBLIC        IP
  D:0008H         PUBLIC        display_buf
  C:087AH         PUBLIC        main
  D:0098H         PUBLIC        SCON
  D:0088H         PUBLIC        TCON
  C:08A8H         PUBLIC        _UpdateDisplay
  C:0800H         PUBLIC        ScanDisplay
  D:00C8H         PUBLIC        T2CON
  C:08E7H         PUBLIC        _Delay
BL51 BANKED LINKER/LOCATER V6.22                                                      09/11/2026  14:24:25  PAGE 3


  D:00D0H         PUBLIC        PSW
  -------         PROC          _DELAY
  D:0006H         SYMBOL        t
  C:08E7H         LINE#         13
  C:08E7H         LINE#         14
  C:08E7H         LINE#         15
  C:08F1H         LINE#         16
  -------         ENDPROC       _DELAY
  -------         PROC          INITBOARD
  C:083FH         LINE#         18
  C:083FH         LINE#         19
  C:083FH         LINE#         20
  C:0842H         LINE#         22
  C:084AH         LINE#         23
  C:084DH         LINE#         25
  C:0855H         LINE#         26
  C:0858H         LINE#         28
  C:0860H         LINE#         29
  C:0863H         LINE#         31
  C:086BH         LINE#         32
  C:086EH         LINE#         34
  C:0876H         LINE#         35
  C:0879H         LINE#         36
  -------         ENDPROC       INITBOARD
  -------         PROC          _UPDATEDISPLAY
  D:0007H         SYMBOL        month
  C:08A8H         LINE#         38
  C:08A8H         LINE#         39
  C:08A8H         LINE#         40
  C:08ABH         LINE#         41
  C:08AEH         LINE#         42
  C:08B1H         LINE#         43
  C:08B4H         LINE#         44
  C:08B7H         LINE#         45
  C:08BAH         LINE#         46
  C:08C1H         LINE#         47
  C:08C9H         LINE#         48
  -------         ENDPROC       _UPDATEDISPLAY
  -------         PROC          SCANDISPLAY
  -------         DO            
  D:0003H         SYMBOL        i
  D:0005H         SYMBOL        position
  -------         ENDDO         
  C:0800H         LINE#         50
  C:0800H         LINE#         51
  C:0800H         LINE#         55
  C:0802H         LINE#         57
  C:0804H         LINE#         58
  C:0804H         LINE#         59
  C:080CH         LINE#         60
  C:080FH         LINE#         62
  C:0817H         LINE#         63
  C:0822H         LINE#         65
  C:082AH         LINE#         66
  C:082CH         LINE#         68
  C:0833H         LINE#         70
  C:0836H         LINE#         72
BL51 BANKED LINKER/LOCATER V6.22                                                      09/11/2026  14:24:25  PAGE 4


  C:083AH         LINE#         73
  C:083EH         LINE#         74
  -------         ENDPROC       SCANDISPLAY
  -------         PROC          MAIN
  -------         DO            
  D:0002H         SYMBOL        month
  D:0010H         SYMBOL        t
  -------         ENDDO         
  C:087AH         LINE#         76
  C:087AH         LINE#         77
  C:087AH         LINE#         81
  C:087DH         LINE#         83
  C:087FH         LINE#         85
  C:087FH         LINE#         86
  C:087FH         LINE#         87
  C:0884H         LINE#         89
  C:0889H         LINE#         90
  C:0889H         LINE#         91
  C:088CH         LINE#         92
  C:089DH         LINE#         94
  C:089EH         LINE#         96
  C:08A4H         LINE#         97
  C:08A4H         LINE#         98
  C:08A6H         LINE#         99
  C:08A6H         LINE#         100
  -------         ENDPROC       MAIN
  -------         ENDMOD        MAIN

******************************************************************************
* RESTRICTED VERSION WITH 0800H BYTE CODE SIZE LIMIT; USED: 00F5H BYTE (11%) *
******************************************************************************

Program Size: data=19.0 xdata=0 code=245
LINK/LOCATE RUN COMPLETE.  0 WARNING(S),  0 ERROR(S)
