BL51 BANKED LINKER/LOCATER V6.22                                                        09/11/2026  14:13:15  PAGE 1


BL51 BANKED LINKER/LOCATER V6.22, INVOKED BY:
D:\KEIL5\C51\BIN\BL51.EXE .\Objects\STARTUP.obj, .\Objects\main.obj TO .\Objects\03_ws PRINT (.\Listings\03_ws.m51) RAMS
>> IZE (256)


MEMORY MODEL: SMALL


INPUT MODULES INCLUDED:
  .\Objects\STARTUP.obj (?C_STARTUP)
  .\Objects\main.obj (MAIN)


LINK MAP OF MODULE:  .\Objects\03_ws (?C_STARTUP)


            TYPE    BASE      LENGTH    RELOCATION   SEGMENT NAME
            -----------------------------------------------------

            * * * * * * *   D A T A   M E M O R Y   * * * * * * *
            REG     0000H     0008H     ABSOLUTE     "REG BANK 0"
            IDATA   0008H     0001H     UNIT         ?STACK

            * * * * * * *   C O D E   M E M O R Y   * * * * * * *
            CODE    0000H     0003H     ABSOLUTE     
                    0003H     07FDH                  *** GAP ***
            CODE    0800H     003EH     UNIT         ?PR?INITBOARD?MAIN
            CODE    083EH     002FH     UNIT         ?PR?_SHOWONE?MAIN
            CODE    086DH     001EH     UNIT         ?PR?MAIN?MAIN
            CODE    088BH     0010H     UNIT         ?CO?MAIN
            CODE    089BH     000CH     UNIT         ?C_C51STARTUP
            CODE    08A7H     000BH     UNIT         ?PR?_DELAY?MAIN



OVERLAY MAP OF MODULE:   .\Objects\03_ws (?C_STARTUP)


SEGMENT
  +--> CALLED SEGMENT
---------------------
?C_C51STARTUP
  +--> ?PR?MAIN?MAIN

?PR?MAIN?MAIN
  +--> ?PR?INITBOARD?MAIN
  +--> ?PR?_SHOWONE?MAIN

?PR?_SHOWONE?MAIN
  +--> ?CO?MAIN
  +--> ?PR?_DELAY?MAIN



SYMBOL TABLE OF MODULE:  .\Objects\03_ws (?C_STARTUP)

  VALUE           TYPE          NAME
  ----------------------------------
BL51 BANKED LINKER/LOCATER V6.22                                                      09/11/2026  14:13:15  PAGE 2



  -------         MODULE        ?C_STARTUP
  C:089BH         SEGMENT       ?C_C51STARTUP
  I:0008H         SEGMENT       ?STACK
  C:0000H         PUBLIC        ?C_STARTUP
  D:00E0H         SYMBOL        ACC
  D:00F0H         SYMBOL        B
  D:0083H         SYMBOL        DPH
  D:0082H         SYMBOL        DPL
  N:0000H         SYMBOL        IBPSTACK
  N:0100H         SYMBOL        IBPSTACKTOP
  N:0080H         SYMBOL        IDATALEN
  C:089EH         SYMBOL        IDATALOOP
  N:0000H         SYMBOL        PBPSTACK
  N:0100H         SYMBOL        PBPSTACKTOP
  N:0000H         SYMBOL        PDATALEN
  N:0000H         SYMBOL        PDATASTART
  N:0000H         SYMBOL        PPAGE
  N:0000H         SYMBOL        PPAGEENABLE
  D:00A0H         SYMBOL        PPAGE_SFR
  D:0081H         SYMBOL        SP
  C:089BH         SYMBOL        STARTUP1
  N:0000H         SYMBOL        XBPSTACK
  N:0000H         SYMBOL        XBPSTACKTOP
  N:0000H         SYMBOL        XDATALEN
  N:0000H         SYMBOL        XDATASTART
  C:0000H         LINE#         126
  C:089BH         LINE#         133
  C:089DH         LINE#         134
  C:089EH         LINE#         135
  C:089FH         LINE#         136
  C:08A1H         LINE#         185
  C:08A4H         LINE#         196
  -------         ENDMOD        ?C_STARTUP

  -------         MODULE        MAIN
  C:0000H         SYMBOL        _ICE_DUMMY_
  D:0080H         PUBLIC        P0
  D:0090H         PUBLIC        P1
  C:0800H         PUBLIC        InitBoard
  D:00A0H         PUBLIC        P2
  D:00B0H         PUBLIC        P3
  C:088BH         PUBLIC        table
  D:00A8H         PUBLIC        IE
  D:00B8H         PUBLIC        IP
  C:086DH         PUBLIC        main
  D:0098H         PUBLIC        SCON
  D:0088H         PUBLIC        TCON
  C:083EH         PUBLIC        _ShowOne
  D:00C8H         PUBLIC        T2CON
  C:08A7H         PUBLIC        _Delay
  D:00D0H         PUBLIC        PSW
  -------         PROC          _DELAY
  D:0006H         SYMBOL        t
  C:08A7H         LINE#         10
  C:08A7H         LINE#         11
  C:08A7H         LINE#         12
BL51 BANKED LINKER/LOCATER V6.22                                                      09/11/2026  14:13:15  PAGE 3


  C:08B1H         LINE#         13
  -------         ENDPROC       _DELAY
  -------         PROC          INITBOARD
  C:0800H         LINE#         15
  C:0800H         LINE#         16
  C:0800H         LINE#         17
  C:0803H         LINE#         19
  C:080BH         LINE#         20
  C:080EH         LINE#         22
  C:0816H         LINE#         23
  C:0819H         LINE#         25
  C:0821H         LINE#         26
  C:0824H         LINE#         28
  C:0827H         LINE#         29
  C:082FH         LINE#         30
  C:0832H         LINE#         32
  C:083AH         LINE#         33
  C:083DH         LINE#         34
  -------         ENDPROC       INITBOARD
  -------         PROC          _SHOWONE
  D:0007H         SYMBOL        position
  D:0005H         SYMBOL        num
  C:083EH         LINE#         36
  C:083EH         LINE#         37
  C:083EH         LINE#         38
  C:0846H         LINE#         39
  C:0848H         LINE#         41
  C:0850H         LINE#         42
  C:0857H         LINE#         44
  C:085EH         LINE#         46
  C:0861H         LINE#         48
  C:0869H         LINE#         49
  C:086CH         LINE#         50
  -------         ENDPROC       _SHOWONE
  -------         PROC          MAIN
  C:086DH         LINE#         52
  C:086DH         LINE#         53
  C:086DH         LINE#         54
  C:0870H         LINE#         56
  C:0870H         LINE#         57
  C:0870H         LINE#         58
  C:0877H         LINE#         59
  C:087DH         LINE#         60
  C:0883H         LINE#         61
  C:0889H         LINE#         62
  -------         ENDPROC       MAIN
  -------         ENDMOD        MAIN

******************************************************************************
* RESTRICTED VERSION WITH 0800H BYTE CODE SIZE LIMIT; USED: 00B5H BYTE ( 8%) *
******************************************************************************

Program Size: data=9.0 xdata=0 code=181
LINK/LOCATE RUN COMPLETE.  0 WARNING(S),  0 ERROR(S)
