BL51 BANKED LINKER/LOCATER V6.22                                                        09/12/2026  09:50:22  PAGE 1


BL51 BANKED LINKER/LOCATER V6.22, INVOKED BY:
D:\KEIL5\C51\BIN\BL51.EXE .\Objects\STARTUP.obj, .\Objects\main.obj TO .\Objects\04_ws PRINT (.\Listings\04_ws.m51) RAMS
>> IZE (256)


MEMORY MODEL: SMALL


INPUT MODULES INCLUDED:
  .\Objects\STARTUP.obj (?C_STARTUP)
  .\Objects\main.obj (MAIN)
  D:\KEIL5\C51\LIB\C51S.LIB (?C_INIT)
  D:\KEIL5\C51\LIB\C51S.LIB (?C?IMUL)
  D:\KEIL5\C51\LIB\C51S.LIB (?C?UIDIV)


LINK MAP OF MODULE:  .\Objects\04_ws (?C_STARTUP)


            TYPE    BASE      LENGTH    RELOCATION   SEGMENT NAME
            -----------------------------------------------------

            * * * * * * *   D A T A   M E M O R Y   * * * * * * *
            REG     0000H     0008H     ABSOLUTE     "REG BANK 0"
            DATA    0008H     0009H     UNIT         ?DT?MAIN
            DATA    0011H     0002H     UNIT         _DATA_GROUP_
                    0013H     000DH                  *** GAP ***
            BIT     0020H.0   0000H.1   UNIT         ?BI?MAIN
                    0020H.1   0000H.7                *** GAP ***
            IDATA   0021H     0001H     UNIT         ?STACK

            * * * * * * *   C O D E   M E M O R Y   * * * * * * *
            CODE    0000H     0003H     ABSOLUTE     
                    0003H     0018H                  *** GAP ***
            CODE    001BH     0003H     ABSOLUTE     
                    001EH     07E2H                  *** GAP ***
            CODE    0800H     00A0H     UNIT         ?C_C51STARTUP
            CODE    08A0H     007FH     UNIT         ?PR?_DISPLAYSQUARE?MAIN
            CODE    091FH     0067H     UNIT         ?C?LIB_CODE
            CODE    0986H     0054H     UNIT         ?PR?KEYREAD?MAIN
            CODE    09DAH     003CH     UNIT         ?PR?KEYEVENT?MAIN
            CODE    0A16H     0031H     UNIT         ?PR?BOARDINIT?MAIN
            CODE    0A47H     0031H     UNIT         ?PR?DISPLAYSCAN?MAIN
            CODE    0A78H     0021H     UNIT         ?PR?MAIN?MAIN
            CODE    0A99H     001DH     UNIT         ?PR?TIMER1_ISR?MAIN
            CODE    0AB6H     0018H     UNIT         ?C_INITSEG
            CODE    0ACEH     0017H     UNIT         ?PR?TIMER1INIT?MAIN
            CODE    0AE5H     0014H     UNIT         ?CO?MAIN
            CODE    0AF9H     0010H     UNIT         ?PR?_LATCHWRITE?MAIN
            CODE    0B09H     0008H     UNIT         ?PR?KEYSETTLE?MAIN



OVERLAY MAP OF MODULE:   .\Objects\04_ws (?C_STARTUP)


SEGMENT                           DATA_GROUP 
  +--> CALLED SEGMENT           START    LENGTH
BL51 BANKED LINKER/LOCATER V6.22                                                      09/12/2026  09:50:22  PAGE 2


-----------------------------------------------
?C_C51STARTUP                   -----    -----
  +--> ?PR?MAIN?MAIN
  +--> ?C_INITSEG

?PR?MAIN?MAIN                   -----    -----
  +--> ?PR?BOARDINIT?MAIN
  +--> ?PR?TIMER1INIT?MAIN
  +--> ?PR?KEYEVENT?MAIN
  +--> ?PR?_DISPLAYSQUARE?MAIN

?PR?KEYEVENT?MAIN               -----    -----
  +--> ?PR?KEYREAD?MAIN

?PR?KEYREAD?MAIN                -----    -----
  +--> ?CO?MAIN
  +--> ?PR?KEYSETTLE?MAIN

?PR?_DISPLAYSQUARE?MAIN         0011H    0002H
  +--> ?CO?MAIN

*** NEW ROOT ***************************************************

?PR?TIMER1_ISR?MAIN             -----    -----
  +--> ?PR?DISPLAYSCAN?MAIN

?PR?DISPLAYSCAN?MAIN            -----    -----
  +--> ?PR?_LATCHWRITE?MAIN



SYMBOL TABLE OF MODULE:  .\Objects\04_ws (?C_STARTUP)

  VALUE           TYPE          NAME
  ----------------------------------

  -------         MODULE        ?C_STARTUP
  C:0800H         SEGMENT       ?C_C51STARTUP
  I:0021H         SEGMENT       ?STACK
  C:0000H         PUBLIC        ?C_STARTUP
  C:0817H         SYMBOL        CLEAR_RAM
  C:0800H         SYMBOL        STARTUP1
  C:0000H         LINE#         15
  C:0800H         LINE#         19
  C:0803H         LINE#         20
  C:0806H         LINE#         21
  C:0809H         LINE#         22
  C:080AH         LINE#         23
  C:080DH         LINE#         24
  C:0810H         LINE#         25
  C:0811H         LINE#         26
  C:0814H         LINE#         27
  C:0816H         LINE#         28
  C:0817H         LINE#         30
  C:0818H         LINE#         31
  C:081AH         LINE#         32
  C:081DH         LINE#         33
BL51 BANKED LINKER/LOCATER V6.22                                                      09/12/2026  09:50:22  PAGE 3


  -------         ENDMOD        ?C_STARTUP

  -------         MODULE        MAIN
  C:0000H         SYMBOL        _ICE_DUMMY_
  D:0080H         PUBLIC        P0
  D:0090H         PUBLIC        P1
  C:0A16H         PUBLIC        BoardInit
  D:00A0H         PUBLIC        P2
  D:00B0H         PUBLIC        P3
  D:00C0H         PUBLIC        P4
  C:0A99H         PUBLIC        Timer1_ISR
  B:00A8H.7       PUBLIC        EA
  C:0AE5H         PUBLIC        table
  D:00A8H         PUBLIC        IE
  B:00C0H.4       PUBLIC        COL0
  B:00C0H.2       PUBLIC        COL1
  B:00B0H.5       PUBLIC        COL2
  B:00B0H.4       PUBLIC        COL3
  D:00B8H         PUBLIC        IP
  D:000DH         PUBLIC        display_buf
  C:0B09H         PUBLIC        KeySettle
  B:0020H.0       PUBLIC        tick_1ms
  C:0A78H         PUBLIC        main
  C:0986H         PUBLIC        KeyRead
  C:09DAH         PUBLIC        KeyEvent
  D:0098H         PUBLIC        SCON
  D:0089H         PUBLIC        TMOD
  D:0088H         PUBLIC        TCON
  D:008EH         PUBLIC        AUXR
  B:00A8H.3       PUBLIC        ET1
  B:0088H.7       PUBLIC        TF1
  C:0ACEH         PUBLIC        Timer1Init
  C:0AF5H         PUBLIC        rows
  D:008DH         PUBLIC        TH1
  C:08A0H         PUBLIC        _DisplaySquare
  D:008BH         PUBLIC        TL1
  B:0088H.6       PUBLIC        TR1
  C:0A47H         PUBLIC        DisplayScan
  D:00C8H         PUBLIC        T2CON
  D:00D0H         PUBLIC        PSW
  C:0AF9H         PUBLIC        _LatchWrite
  -------         PROC          _LATCHWRITE
  D:0007H         SYMBOL        select
  D:0005H         SYMBOL        value
  C:0AF9H         LINE#         26
  C:0AF9H         LINE#         27
  C:0AF9H         LINE#         28
  C:0AFCH         LINE#         29
  C:0AFEH         LINE#         30
  C:0B01H         LINE#         31
  C:0B02H         LINE#         32
  C:0B05H         LINE#         33
  C:0B08H         LINE#         34
  -------         ENDPROC       _LATCHWRITE
  -------         PROC          BOARDINIT
  C:0A16H         LINE#         36
  C:0A16H         LINE#         37
BL51 BANKED LINKER/LOCATER V6.22                                                      09/12/2026  09:50:22  PAGE 4


  C:0A16H         LINE#         38
  C:0A18H         LINE#         39
  C:0A1BH         LINE#         40
  C:0A1EH         LINE#         41
  C:0A21H         LINE#         42
  C:0A22H         LINE#         43
  C:0A25H         LINE#         44
  C:0A28H         LINE#         45
  C:0A29H         LINE#         46
  C:0A2CH         LINE#         47
  C:0A2FH         LINE#         48
  C:0A32H         LINE#         49
  C:0A33H         LINE#         50
  C:0A36H         LINE#         51
  C:0A39H         LINE#         52
  C:0A3AH         LINE#         53
  C:0A3DH         LINE#         54
  C:0A3FH         LINE#         55
  C:0A42H         LINE#         56
  C:0A44H         LINE#         57
  C:0A46H         LINE#         58
  -------         ENDPROC       BOARDINIT
  -------         PROC          TIMER1INIT
  C:0ACEH         LINE#         60
  C:0ACEH         LINE#         61
  C:0ACEH         LINE#         62
  C:0AD0H         LINE#         63
  C:0AD3H         LINE#         64
  C:0AD6H         LINE#         65
  C:0AD9H         LINE#         66
  C:0ADCH         LINE#         67
  C:0ADEH         LINE#         68
  C:0AE0H         LINE#         69
  C:0AE2H         LINE#         70
  C:0AE4H         LINE#         71
  -------         ENDPROC       TIMER1INIT
  -------         PROC          KEYSETTLE
  -------         DO            
  D:0007H         SYMBOL        i
  -------         ENDDO         
  C:0B09H         LINE#         75
  C:0B09H         LINE#         76
  C:0B09H         LINE#         79
  C:0B0BH         LINE#         80
  C:0B0BH         LINE#         81
  C:0B0CH         LINE#         82
  C:0B10H         LINE#         83
  -------         ENDPROC       KEYSETTLE
  -------         PROC          KEYREAD
  -------         DO            
  D:0004H         SYMBOL        row
  D:0006H         SYMBOL        count
  D:0005H         SYMBOL        value
  -------         ENDDO         
  C:0986H         LINE#         85
  C:0986H         LINE#         86
  C:0986H         LINE#         91
BL51 BANKED LINKER/LOCATER V6.22                                                      09/12/2026  09:50:22  PAGE 5


  C:0988H         LINE#         92
  C:0989H         LINE#         93
  C:098BH         LINE#         94
  C:098DH         LINE#         95
  C:098EH         LINE#         96
  C:098EH         LINE#         97
  C:0995H         LINE#         98
  C:0998H         LINE#         99
  C:099BH         LINE#         100
  C:099BH         LINE#         101
  C:09A2H         LINE#         102
  C:09A3H         LINE#         103
  C:09A3H         LINE#         104
  C:09A6H         LINE#         105
  C:09A6H         LINE#         106
  C:09AEH         LINE#         107
  C:09AFH         LINE#         108
  C:09AFH         LINE#         109
  C:09B2H         LINE#         110
  C:09B2H         LINE#         111
  C:09BAH         LINE#         112
  C:09BBH         LINE#         113
  C:09BBH         LINE#         114
  C:09BEH         LINE#         115
  C:09BEH         LINE#         116
  C:09C6H         LINE#         117
  C:09C7H         LINE#         118
  C:09C7H         LINE#         119
  C:09CAH         LINE#         120
  C:09CEH         LINE#         121
  C:09D4H         LINE#         122
  C:09D4H         LINE#         123
  C:09D7H         LINE#         124
  C:09D7H         LINE#         125
  C:09D9H         LINE#         126
  -------         ENDPROC       KEYREAD
  -------         PROC          KEYEVENT
  -------         DO            
  D:0008H         SYMBOL        previous
  D:0009H         SYMBOL        stable
  D:000AH         SYMBOL        samples
  D:000BH         SYMBOL        armed
  D:0007H         SYMBOL        raw
  -------         ENDDO         
  C:09DAH         LINE#         128
  C:09DAH         LINE#         129
  C:09DAH         LINE#         136
  C:09DDH         LINE#         137
  C:09E2H         LINE#         138
  C:09E2H         LINE#         139
  C:09E4H         LINE#         140
  C:09E7H         LINE#         141
  C:09E9H         LINE#         142
  C:09F0H         LINE#         143
  C:09F0H         LINE#         144
  C:09F2H         LINE#         145
  C:09F2H         LINE#         146
BL51 BANKED LINKER/LOCATER V6.22                                                      09/12/2026  09:50:22  PAGE 6


  C:09FDH         LINE#         147
  C:09FDH         LINE#         148
  C:09FFH         LINE#         149
  C:0A02H         LINE#         150
  C:0A02H         LINE#         151
  C:0A05H         LINE#         152
  C:0A07H         LINE#         153
  C:0A0BH         LINE#         154
  C:0A0BH         LINE#         155
  C:0A0EH         LINE#         156
  C:0A12H         LINE#         157
  C:0A12H         LINE#         158
  C:0A13H         LINE#         159
  C:0A13H         LINE#         160
  C:0A13H         LINE#         161
  C:0A13H         LINE#         162
  C:0A15H         LINE#         163
  -------         ENDPROC       KEYEVENT
  -------         PROC          _DISPLAYSQUARE
  D:0005H         SYMBOL        key
  -------         DO            
  D:0002H         SYMBOL        value
  D:0011H         SYMBOL        hundreds
  D:0012H         SYMBOL        tens
  D:0007H         SYMBOL        units
  -------         ENDDO         
  C:08A0H         LINE#         165
  C:08A2H         LINE#         166
  C:08A2H         LINE#         172
  C:08ADH         LINE#         173
  C:08B0H         LINE#         174
  C:08B3H         LINE#         175
  C:08BCH         LINE#         176
  C:08BCH         LINE#         177
  C:08CFH         LINE#         178
  C:08CFH         LINE#         179
  C:08D8H         LINE#         180
  C:08D8H         LINE#         181
  C:08F8H         LINE#         182
  C:08F8H         LINE#         183
  C:090FH         LINE#         184
  C:0911H         LINE#         185
  C:0914H         LINE#         186
  C:0917H         LINE#         187
  C:091AH         LINE#         188
  C:091CH         LINE#         189
  C:091EH         LINE#         190
  -------         ENDPROC       _DISPLAYSQUARE
  -------         PROC          DISPLAYSCAN
  -------         DO            
  D:000CH         SYMBOL        pos
  -------         ENDDO         
  C:0A47H         LINE#         192
  C:0A47H         LINE#         193
  C:0A47H         LINE#         196
  C:0A4EH         LINE#         197
  C:0A5AH         LINE#         198
BL51 BANKED LINKER/LOCATER V6.22                                                      09/12/2026  09:50:22  PAGE 7


  C:0A6DH         LINE#         199
  C:0A6FH         LINE#         200
  C:0A74H         LINE#         201
  C:0A74H         LINE#         202
  C:0A77H         LINE#         203
  C:0A77H         LINE#         204
  -------         ENDPROC       DISPLAYSCAN
  -------         PROC          MAIN
  -------         DO            
  D:0001H         SYMBOL        key
  -------         ENDDO         
  C:0A78H         LINE#         206
  C:0A78H         LINE#         207
  C:0A78H         LINE#         210
  C:0A7BH         LINE#         211
  C:0A7EH         LINE#         212
  C:0A7EH         LINE#         213
  C:0A7EH         LINE#         214
  C:0A81H         LINE#         215
  C:0A81H         LINE#         216
  C:0A83H         LINE#         217
  C:0A88H         LINE#         218
  C:0A94H         LINE#         219
  C:0A94H         LINE#         220
  C:0A97H         LINE#         221
  C:0A97H         LINE#         222
  C:0A97H         LINE#         223
  -------         ENDPROC       MAIN
  -------         PROC          TIMER1_ISR
  C:0A99H         LINE#         226
  C:0AA6H         LINE#         228
  C:0AA9H         LINE#         229
  C:0AABH         LINE#         230
  -------         ENDPROC       TIMER1_ISR
  -------         ENDMOD        MAIN

  -------         MODULE        ?C?IMUL
  C:091FH         PUBLIC        ?C?IMUL
  -------         ENDMOD        ?C?IMUL

  -------         MODULE        ?C?UIDIV
  C:0931H         PUBLIC        ?C?UIDIV
  -------         ENDMOD        ?C?UIDIV

******************************************************************************
* RESTRICTED VERSION WITH 0800H BYTE CODE SIZE LIMIT; USED: 022FH BYTE (27%) *
******************************************************************************

Program Size: data=20.1 xdata=0 code=791
LINK/LOCATE RUN COMPLETE.  0 WARNING(S),  0 ERROR(S)
