C51 COMPILER V9.54   MAIN                                                                  10/03/2026 03:40:15 PAGE 1   


C51 COMPILER V9.54, COMPILATION OF MODULE MAIN
OBJECT MODULE PLACED IN .\Objects\main.obj
COMPILER INVOKED BY: D:\Keil5\C51\BIN\C51.EXE main.c OPTIMIZE(8,SPEED) BROWSE DEBUG OBJECTEXTEND PRINT(.\Listings\main.l
                    -st) TABS(2) OBJECT(.\Objects\main.obj)

line level    source

   1          #include <reg52.h>
   2          #include <intrins.h>
   3          
   4          #define FOSC 12000000UL
   5          #define TIMER1_RELOAD (65536UL - FOSC / 12UL / 1000UL)
   6          
   7          sfr AUXR = 0x8E;
   8          sfr P4 = 0xC0;
   9          
  10          sbit ROW1 = P3^0;
  11          sbit ROW2 = P3^1;
  12          sbit ROW3 = P3^2;
  13          sbit ROW4 = P3^3;
  14          
  15          sbit COL1 = P4^4;
  16          sbit COL2 = P4^2;
  17          sbit COL3 = P3^5;
  18          sbit COL4 = P3^4;
  19          
  20          unsigned char code table[16] = {
  21              0xC0, 0xF9, 0xA4, 0xB0,
  22              0x99, 0x92, 0x82, 0xF8,
  23              0x80, 0x90, 0x88, 0x83,
  24              0xC6, 0xA1, 0x86, 0x8E
  25          };
  26          
  27          volatile bit tick_1ms = 0;
  28          
  29          volatile unsigned char display_buf[4] = {
  30              0xFF, 0xFF, 0xFF, 0xFF
  31          };
  32          
  33          void LatchWrite(unsigned char select, unsigned char value)
  34          {
  35   1          P2 &= 0x1F;
  36   1          P0 = value;
  37   1          P2 |= select;
  38   1          _nop_();
  39   1          P2 &= 0x1F;
  40   1          P0 = 0x00;
  41   1      }
  42          
  43          void BoardInit(void)
  44          {
  45   1          EA = 0;
  46   1      
  47   1          P2 &= 0x1F;
  48   1          P0 = 0x00;
  49   1      
  50   1          LatchWrite(0x80, 0xFF);
  51   1          LatchWrite(0xA0, 0x00);
  52   1          LatchWrite(0xC0, 0x00);
  53   1          LatchWrite(0xE0, 0xFF);
  54   1      
C51 COMPILER V9.54   MAIN                                                                  10/03/2026 03:40:15 PAGE 2   

  55   1          P2 &= 0x1F;
  56   1          P0 = 0x00;
  57   1      
  58   1          ROW1 = 1;
  59   1          ROW2 = 1;
  60   1          ROW3 = 1;
  61   1          ROW4 = 1;
  62   1      
  63   1          COL1 = 1;
  64   1          COL2 = 1;
  65   1          COL3 = 1;
  66   1          COL4 = 1;
  67   1      }
  68          
  69          void Timer1Init(void)
  70          {
  71   1          TR1 = 0;
  72   1      
  73   1          AUXR &= 0xBF;
  74   1      
  75   1          TMOD &= 0x0F;
  76   1          TMOD |= 0x10;
  77   1      
  78   1          TH1 = (unsigned char)(TIMER1_RELOAD >> 8);
  79   1          TL1 = (unsigned char)TIMER1_RELOAD;
  80   1      
  81   1          TF1 = 0;
  82   1          ET1 = 1;
  83   1          TR1 = 1;
  84   1          EA = 1;
  85   1      }
  86          
  87          void KeySettle(void)
  88          {
  89   1          unsigned char i;
  90   1      
  91   1          for(i = 0; i < 50; i++)
  92   1          {
  93   2              _nop_();
  94   2          }
  95   1      }
  96          
  97          unsigned char KeyScan(void)
  98          {
  99   1          ROW1 = 1;
 100   1          ROW2 = 1;
 101   1          ROW3 = 1;
 102   1          ROW4 = 1;
 103   1      
 104   1          COL1 = 1;
 105   1          COL2 = 1;
 106   1          COL3 = 1;
 107   1          COL4 = 1;
 108   1      
 109   1          COL4 = 0;
 110   1          KeySettle();
 111   1      
 112   1          if(ROW1 == 0)
 113   1          {
 114   2              COL4 = 1;
 115   2              return 4;
 116   2          }
C51 COMPILER V9.54   MAIN                                                                  10/03/2026 03:40:15 PAGE 3   

 117   1      
 118   1          if(ROW2 == 0)
 119   1          {
 120   2              COL4 = 1;
 121   2              return 8;
 122   2          }
 123   1      
 124   1          if(ROW3 == 0)
 125   1          {
 126   2              COL4 = 1;
 127   2              return 12;
 128   2          }
 129   1      
 130   1          if(ROW4 == 0)
 131   1          {
 132   2              COL4 = 1;
 133   2              return 16;
 134   2          }
 135   1      
 136   1          COL4 = 1;
 137   1          KeySettle();
 138   1      
 139   1          COL1 = 0;
 140   1          KeySettle();
 141   1      
 142   1          if(ROW1 == 0)
 143   1          {
 144   2              COL1 = 1;
 145   2              return 1;
 146   2          }
 147   1      
 148   1          if(ROW2 == 0)
 149   1          {
 150   2              COL1 = 1;
 151   2              return 5;
 152   2          }
 153   1      
 154   1          if(ROW3 == 0)
 155   1          {
 156   2              COL1 = 1;
 157   2              return 9;
 158   2          }
 159   1      
 160   1          if(ROW4 == 0)
 161   1          {
 162   2              COL1 = 1;
 163   2              return 13;
 164   2          }
 165   1      
 166   1          COL1 = 1;
 167   1          KeySettle();
 168   1      
 169   1          COL2 = 0;
 170   1          KeySettle();
 171   1      
 172   1          if(ROW1 == 0)
 173   1          {
 174   2              COL2 = 1;
 175   2              return 2;
 176   2          }
 177   1      
 178   1          if(ROW2 == 0)
C51 COMPILER V9.54   MAIN                                                                  10/03/2026 03:40:15 PAGE 4   

 179   1          {
 180   2              COL2 = 1;
 181   2              return 6;
 182   2          }
 183   1      
 184   1          if(ROW3 == 0)
 185   1          {
 186   2              COL2 = 1;
 187   2              return 10;
 188   2          }
 189   1      
 190   1          if(ROW4 == 0)
 191   1          {
 192   2              COL2 = 1;
 193   2              return 14;
 194   2          }
 195   1      
 196   1          COL2 = 1;
 197   1          KeySettle();
 198   1      
 199   1          COL3 = 0;
 200   1          KeySettle();
 201   1      
 202   1          if(ROW1 == 0)
 203   1          {
 204   2              COL3 = 1;
 205   2              return 3;
 206   2          }
 207   1      
 208   1          if(ROW2 == 0)
 209   1          {
 210   2              COL3 = 1;
 211   2              return 7;
 212   2          }
 213   1      
 214   1          if(ROW3 == 0)
 215   1          {
 216   2              COL3 = 1;
 217   2              return 11;
 218   2          }
 219   1      
 220   1          if(ROW4 == 0)
 221   1          {
 222   2              COL3 = 1;
 223   2              return 15;
 224   2          }
 225   1      
 226   1          COL3 = 1;
 227   1      
 228   1          return 0;
 229   1      }
 230          
 231          void DelayMs(unsigned int ms)
 232          {
 233   1          while(ms)
 234   1          {
 235   2              if(tick_1ms)
 236   2              {
 237   3                  tick_1ms = 0;
 238   3                  ms--;
 239   3              }
 240   2          }
C51 COMPILER V9.54   MAIN                                                                  10/03/2026 03:40:15 PAGE 5   

 241   1      }
 242          
 243          unsigned char KeyEvent(void)
 244          {
 245   1          static unsigned char locked = 0;
 246   1          unsigned char key;
 247   1      
 248   1          key = KeyScan();
 249   1      
 250   1          if(locked == 0)
 251   1          {
 252   2              if(key >= 1 && key <= 16)
 253   2              {
 254   3                  DelayMs(10);
 255   3      
 256   3                  if(KeyScan() == key)
 257   3                  {
 258   4                      locked = 1;
 259   4                      return key;
 260   4                  }
 261   3              }
 262   2          }
 263   1          else
 264   1          {
 265   2              if(key == 0)
 266   2              {
 267   3                  DelayMs(10);
 268   3      
 269   3                  if(KeyScan() == 0)
 270   3                  {
 271   4                      locked = 0;
 272   4                  }
 273   3              }
 274   2          }
 275   1      
 276   1          return 0;
 277   1      }
 278          
 279          void DisplaySquare(unsigned char key)
 280          {
 281   1          unsigned int value;
 282   1          unsigned char hundreds;
 283   1          unsigned char tens;
 284   1          unsigned char units;
 285   1      
 286   1          value = (unsigned int)key * key;
 287   1      
 288   1          hundreds = 0xFF;
 289   1          tens = 0xFF;
 290   1      
 291   1          if(value >= 100)
 292   1          {
 293   2              hundreds = table[value / 100];
 294   2          }
 295   1      
 296   1          if(value >= 10)
 297   1          {
 298   2              tens = table[(value / 10) % 10];
 299   2          }
 300   1      
 301   1          units = table[value % 10];
 302   1      
C51 COMPILER V9.54   MAIN                                                                  10/03/2026 03:40:15 PAGE 6   

 303   1          EA = 0;
 304   1      
 305   1          display_buf[0] = 0xFF;
 306   1          display_buf[1] = hundreds;
 307   1          display_buf[2] = tens;
 308   1          display_buf[3] = units;
 309   1      
 310   1          EA = 1;
 311   1      }
 312          
 313          void DisplayScan(void)
 314          {
 315   1          static unsigned char pos = 0;
 316   1      
 317   1          LatchWrite(0xC0, 0x00);
 318   1          LatchWrite(0xE0, display_buf[pos]);
 319   1          LatchWrite(0xC0, (unsigned char)(1 << pos));
 320   1      
 321   1          pos++;
 322   1      
 323   1          if(pos >= 4)
 324   1          {
 325   2              pos = 0;
 326   2          }
 327   1      }
 328          
 329          void main(void)
 330          {
 331   1          unsigned char key;
 332   1      
 333   1          BoardInit();
 334   1          Timer1Init();
 335   1      
 336   1          while(1)
 337   1          {
 338   2              key = KeyEvent();
 339   2      
 340   2              if(key >= 1 && key <= 16)
 341   2              {
 342   3                  DisplaySquare(key);
 343   3              }
 344   2          }
 345   1      }
 346          
 347          void Timer1_ISR(void) interrupt 3
 348          {
 349   1          TH1 = (unsigned char)(TIMER1_RELOAD >> 8);
 350   1          TL1 = (unsigned char)TIMER1_RELOAD;
 351   1      
 352   1          DisplayScan();
 353   1      
 354   1          tick_1ms = 1;
 355   1      }


MODULE INFORMATION:   STATIC OVERLAYABLE
   CODE SIZE        =    610    ----
   CONSTANT SIZE    =     16    ----
   XDATA SIZE       =   ----    ----
   PDATA SIZE       =   ----    ----
   DATA SIZE        =      6       2
   IDATA SIZE       =   ----    ----
C51 COMPILER V9.54   MAIN                                                                  10/03/2026 03:40:15 PAGE 7   

   BIT SIZE         =      1    ----
END OF MODULE INFORMATION.


C51 COMPILATION COMPLETE.  0 WARNING(S),  0 ERROR(S)
