C51 COMPILER V9.54   MAIN                                                                  09/30/2026 14:45:39 PAGE 1   


C51 COMPILER V9.54, COMPILATION OF MODULE MAIN
OBJECT MODULE PLACED IN .\Objects\main.obj
COMPILER INVOKED BY: D:\Keil5\C51\BIN\C51.EXE main.c OPTIMIZE(8,SPEED) BROWSE DEBUG OBJECTEXTEND PRINT(.\Listings\main.l
                    -st) TABS(2) OBJECT(.\Objects\main.obj)

line level    source

   1          #include <reg52.h>
   2          
   3          sfr AUXR = 0x8e;
   4          
   5          unsigned char urdat = 0x00;
   6          bit led_pending = 0;
   7          
   8          void BusSafe()
   9          {
  10   1          P2 &= 0x1F;
  11   1          P0 = 0x00;
  12   1      }
  13          
  14          void LED_Write(unsigned char dat)
  15          {
  16   1          BusSafe();
  17   1      
  18   1          P2 = (P2 & 0x1F) | 0x80;
  19   1          P0 = dat;
  20   1      
  21   1          BusSafe();
  22   1      }
  23          
  24          void HardwareInit()
  25          {
  26   1          BusSafe();
  27   1      
  28   1          P2 = (P2 & 0x1F) | 0xA0;
  29   1          P0 = 0x00;
  30   1          BusSafe();
  31   1      
  32   1          P2 = (P2 & 0x1F) | 0xC0;
  33   1          P0 = 0x00;
  34   1          BusSafe();
  35   1      
  36   1          P2 = (P2 & 0x1F) | 0xE0;
  37   1          P0 = 0xFF;
  38   1          BusSafe();
  39   1      
  40   1          LED_Write(0xFF);
  41   1      
  42   1          BusSafe();
  43   1      }
  44          
  45          void InitUart()
  46          {
  47   1          TMOD = 0x20;
  48   1          TH1 = 0xFD;
  49   1          TL1 = 0xFD;
  50   1          TR1 = 1;
  51   1      
  52   1          SCON = 0x50;
  53   1          AUXR = 0x00;
  54   1      
C51 COMPILER V9.54   MAIN                                                                  09/30/2026 14:45:39 PAGE 2   

  55   1          TI = 0;
  56   1          RI = 0;
  57   1      }
  58          
  59          void SendByte(unsigned char dat)
  60          {
  61   1          SBUF = dat;
  62   1          while(TI == 0);
  63   1          TI = 0;
  64   1      }
  65          
  66          void SendString(unsigned char code *str)
  67          {
  68   1          while(*str != '\0')
  69   1          {
  70   2              SendByte(*str);
  71   2              str++;
  72   2          }
  73   1      }
  74          
  75          void ServiceUart() interrupt 4
  76          {
  77   1          if(RI == 1)
  78   1          {
  79   2              RI = 0;
  80   2              urdat = SBUF;
  81   2              led_pending = 1;
  82   2          }
  83   1      }
  84          
  85          void main()
  86          {
  87   1          unsigned char dat;
  88   1          unsigned char code hello[] = "hello world";
  89   1      
  90   1          HardwareInit();
  91   1          InitUart();
  92   1      
  93   1          SendString(hello);
  94   1      
  95   1          RI = 0;
  96   1          ES = 1;
  97   1          EA = 1;
  98   1      
  99   1          while(1)
 100   1          {
 101   2              if(led_pending == 1)
 102   2              {
 103   3                  ES = 0;
 104   3                  dat = urdat;
 105   3                  led_pending = 0;
 106   3                  ES = 1;
 107   3      
 108   3                  LED_Write(dat ^ 0xFF);
 109   3              }
 110   2          }
 111   1      }


MODULE INFORMATION:   STATIC OVERLAYABLE
   CODE SIZE        =    171    ----
   CONSTANT SIZE    =     12    ----
C51 COMPILER V9.54   MAIN                                                                  09/30/2026 14:45:39 PAGE 3   

   XDATA SIZE       =   ----    ----
   PDATA SIZE       =   ----    ----
   DATA SIZE        =      1    ----
   IDATA SIZE       =   ----    ----
   BIT SIZE         =      1    ----
END OF MODULE INFORMATION.


C51 COMPILATION COMPLETE.  0 WARNING(S),  0 ERROR(S)
