C51 COMPILER V9.54   MAIN                                                                  09/11/2026 14:20:36 PAGE 1   


C51 COMPILER V9.54, COMPILATION OF MODULE MAIN
OBJECT MODULE PLACED IN .\Objects\main.obj
COMPILER INVOKED BY: D:\Keil5\C51\BIN\C51.EXE main.c OPTIMIZE(8,SPEED) BROWSE DEBUG OBJECTEXTEND PRINT(.\Listings\main.l
                    -st) TABS(2) OBJECT(.\Objects\main.obj)

line level    source

   1          #include <reg52.h>
   2          
   3          unsigned char code table[] = {
   4              0xc0, 0xf9, 0xa4, 0xb0,
   5              0x99, 0x92, 0x82, 0xf8,
   6              0x80, 0x90, 0x88, 0x83,
   7              0xc6, 0xa1, 0x86, 0x8e
   8          };
   9          
  10          void Delay(unsigned int t)
  11          {
  12   1          while(t--);
  13   1      }
  14          
  15          void InitBoard()
  16          {
  17   1          P0 = 0xFF;
  18   1      
  19   1          P2 = (P2 & 0x1F) | 0x80;
  20   1          P0 = 0xFF;
  21   1      
  22   1          P2 = (P2 & 0x1F) | 0xC0;
  23   1          P0 = 0x00;
  24   1      
  25   1          P2 = (P2 & 0x1F) | 0xA0;
  26   1          P0 = 0x00;
  27   1      
  28   1          P2 = (P2 & 0x1F) | 0xC0;
  29   1          P0 = 0x00;
  30   1      
  31   1          P2 = (P2 & 0x1F) | 0xE0;
  32   1          P0 = 0xFF;
  33   1      
  34   1          P2 = (P2 & 0x1F) | 0xC0;
  35   1          P0 = 0x00;
  36   1      }
  37          
  38          void ShowOne(unsigned char position, unsigned char num)
  39          {
  40   1          P2 = (P2 & 0x1F) | 0xE0;
  41   1          P0 = table[num];
  42   1      
  43   1          P2 = (P2 & 0x1F) | 0xC0;
  44   1          P0 = position;
  45   1      
  46   1          Delay(500);
  47   1      
  48   1          P0 = 0x00;
  49   1      }
  50          
  51          void main()
  52          {
  53   1          InitBoard();
  54   1      
C51 COMPILER V9.54   MAIN                                                                  09/11/2026 14:20:36 PAGE 2   

  55   1          while(1)
  56   1          {
  57   2              ShowOne(0x01, 1);
  58   2              ShowOne(0x02, 2);
  59   2              ShowOne(0x04, 3);
  60   2              ShowOne(0x08, 4);
  61   2          }
  62   1      }


MODULE INFORMATION:   STATIC OVERLAYABLE
   CODE SIZE        =    147    ----
   CONSTANT SIZE    =     16    ----
   XDATA SIZE       =   ----    ----
   PDATA SIZE       =   ----    ----
   DATA SIZE        =   ----    ----
   IDATA SIZE       =   ----    ----
   BIT SIZE         =   ----    ----
END OF MODULE INFORMATION.


C51 COMPILATION COMPLETE.  0 WARNING(S),  0 ERROR(S)
