C51 COMPILER V9.54   MAIN                                                                  09/12/2026 10:07:37 PAGE 1   


C51 COMPILER V9.54, COMPILATION OF MODULE MAIN
OBJECT MODULE PLACED IN .\Objects\main.obj
COMPILER INVOKED BY: D:\Keil5\C51\BIN\C51.EXE main.c OPTIMIZE(8,SPEED) BROWSE DEBUG OBJECTEXTEND PRINT(.\Listings\main.l
                    -st) TABS(2) OBJECT(.\Objects\main.obj)

line level    source

   1          #include <reg52.h>
   2          #include <intrins.h>
   3          
   4          sbit LED1 = P0^0;
   5          sbit LED2 = P0^1;
   6          sbit LED3 = P0^2;
   7          sbit LED4 = P0^3;
   8          
   9          sbit KEY2 = P3^0;
  10          sbit KEY6 = P3^1;
  11          sbit KEY10 = P3^2;
  12          sbit KEY14 = P3^3;
  13          
  14          void BoardInit(void)
  15          {
  16   1          EA = 0;
  17   1          P3 = 0xFF;
  18   1      
  19   1          P2 &= 0x1F;
  20   1          P0 = 0x00;
  21   1          P2 |= 0xA0;
  22   1          _nop_();
  23   1          P2 &= 0x1F;
  24   1      
  25   1          P0 = 0x00;
  26   1          P2 |= 0xC0;
  27   1          _nop_();
  28   1          P2 &= 0x1F;
  29   1      
  30   1          P0 = 0xFF;
  31   1          P2 |= 0xE0;
  32   1          _nop_();
  33   1          P2 &= 0x1F;
  34   1      
  35   1          P0 = 0xFF;
  36   1          P2 |= 0x80;
  37   1          _nop_();
  38   1      }
  39          
  40          void main(void)
  41          {
  42   1          BoardInit();
  43   1      
  44   1          while(1)
  45   1          {
  46   2              LED1 = KEY2;
  47   2              LED2 = KEY6;
  48   2              LED3 = KEY10;
  49   2              LED4 = KEY14;
  50   2          }
  51   1      }


MODULE INFORMATION:   STATIC OVERLAYABLE
C51 COMPILER V9.54   MAIN                                                                  09/12/2026 10:07:37 PAGE 2   

   CODE SIZE        =     66    ----
   CONSTANT SIZE    =   ----    ----
   XDATA SIZE       =   ----    ----
   PDATA SIZE       =   ----    ----
   DATA SIZE        =   ----    ----
   IDATA SIZE       =   ----    ----
   BIT SIZE         =   ----    ----
END OF MODULE INFORMATION.


C51 COMPILATION COMPLETE.  0 WARNING(S),  0 ERROR(S)
