BL51 BANKED LINKER/LOCATER V6.22                                                        09/11/2026  14:54:53  PAGE 1


BL51 BANKED LINKER/LOCATER V6.22, INVOKED BY:
D:\KEIL5\C51\BIN\BL51.EXE .\Objects\STARTUP.obj, .\Objects\main.obj TO .\Objects\07_ws PRINT (.\Listings\07_ws.m51) RAMS
>> IZE (256)


MEMORY MODEL: SMALL


INPUT MODULES INCLUDED:
  .\Objects\STARTUP.obj (?C_STARTUP)
  .\Objects\main.obj (MAIN)
  D:\KEIL5\C51\LIB\C51S.LIB (?C_INIT)


LINK MAP OF MODULE:  .\Objects\07_ws (?C_STARTUP)


            TYPE    BASE      LENGTH    RELOCATION   SEGMENT NAME
            -----------------------------------------------------

            * * * * * * *   D A T A   M E M O R Y   * * * * * * *
            REG     0000H     0008H     ABSOLUTE     "REG BANK 0"
            DATA    0008H     0003H     UNIT         ?DT?MAIN
            IDATA   000BH     0001H     UNIT         ?STACK

            * * * * * * *   C O D E   M E M O R Y   * * * * * * *
            CODE    0000H     0003H     ABSOLUTE     
                    0003H     0008H                  *** GAP ***
            CODE    000BH     0003H     ABSOLUTE     
                    000EH     07F2H                  *** GAP ***
            CODE    0800H     008CH     UNIT         ?C_C51STARTUP
            CODE    088CH     0030H     UNIT         ?PR?INITBOARD?MAIN
            CODE    08BCH     0030H     UNIT         ?PR?TIMER0?MAIN
            CODE    08ECH     0010H     UNIT         ?PR?TIMER0INIT?MAIN
            CODE    08FCH     000AH     UNIT         ?C_INITSEG
            CODE    0906H     0008H     UNIT         ?PR?MAIN?MAIN



OVERLAY MAP OF MODULE:   .\Objects\07_ws (?C_STARTUP)


SEGMENT
  +--> CALLED SEGMENT
---------------------
?C_C51STARTUP
  +--> ?PR?MAIN?MAIN
  +--> ?C_INITSEG

?PR?MAIN?MAIN
  +--> ?PR?INITBOARD?MAIN
  +--> ?PR?TIMER0INIT?MAIN



SYMBOL TABLE OF MODULE:  .\Objects\07_ws (?C_STARTUP)

  VALUE           TYPE          NAME
BL51 BANKED LINKER/LOCATER V6.22                                                      09/11/2026  14:54:53  PAGE 2


  ----------------------------------

  -------         MODULE        ?C_STARTUP
  C:0800H         SEGMENT       ?C_C51STARTUP
  I:000BH         SEGMENT       ?STACK
  C:0000H         PUBLIC        ?C_STARTUP
  D:00E0H         SYMBOL        ACC
  D:00F0H         SYMBOL        B
  D:0083H         SYMBOL        DPH
  D:0082H         SYMBOL        DPL
  N:0000H         SYMBOL        IBPSTACK
  N:0100H         SYMBOL        IBPSTACKTOP
  N:0080H         SYMBOL        IDATALEN
  C:0803H         SYMBOL        IDATALOOP
  N:0000H         SYMBOL        PBPSTACK
  N:0100H         SYMBOL        PBPSTACKTOP
  N:0000H         SYMBOL        PDATALEN
  N:0000H         SYMBOL        PDATASTART
  N:0000H         SYMBOL        PPAGE
  N:0000H         SYMBOL        PPAGEENABLE
  D:00A0H         SYMBOL        PPAGE_SFR
  D:0081H         SYMBOL        SP
  C:0800H         SYMBOL        STARTUP1
  N:0000H         SYMBOL        XBPSTACK
  N:0000H         SYMBOL        XBPSTACKTOP
  N:0000H         SYMBOL        XDATALEN
  N:0000H         SYMBOL        XDATASTART
  C:0000H         LINE#         126
  C:0800H         LINE#         133
  C:0802H         LINE#         134
  C:0803H         LINE#         135
  C:0804H         LINE#         136
  C:0806H         LINE#         185
  C:0809H         LINE#         196
  -------         ENDMOD        ?C_STARTUP

  -------         MODULE        MAIN
  C:0000H         SYMBOL        _ICE_DUMMY_
  D:0080H         PUBLIC        P0
  D:0090H         PUBLIC        P1
  C:088CH         PUBLIC        InitBoard
  D:00A0H         PUBLIC        P2
  D:00B0H         PUBLIC        P3
  B:00A8H.7       PUBLIC        EA
  D:00A8H         PUBLIC        IE
  D:00B8H         PUBLIC        IP
  C:0906H         PUBLIC        main
  D:0008H         PUBLIC        led_data
  C:08BCH         PUBLIC        Timer0
  D:0098H         PUBLIC        SCON
  D:0089H         PUBLIC        TMOD
  D:0088H         PUBLIC        TCON
  B:00A8H.1       PUBLIC        ET0
  C:08ECH         PUBLIC        Timer0Init
  D:008CH         PUBLIC        TH0
  D:008AH         PUBLIC        TL0
  B:0088H.4       PUBLIC        TR0
BL51 BANKED LINKER/LOCATER V6.22                                                      09/11/2026  14:54:53  PAGE 3


  D:0009H         PUBLIC        count1
  D:000AH         PUBLIC        count8
  D:00C8H         PUBLIC        T2CON
  D:00D0H         PUBLIC        PSW
  -------         PROC          INITBOARD
  C:088CH         LINE#         7
  C:088CH         LINE#         8
  C:088CH         LINE#         9
  C:088FH         LINE#         11
  C:0897H         LINE#         12
  C:089AH         LINE#         14
  C:08A2H         LINE#         15
  C:08A5H         LINE#         17
  C:08ADH         LINE#         18
  C:08B0H         LINE#         20
  C:08B8H         LINE#         21
  C:08BBH         LINE#         22
  -------         ENDPROC       INITBOARD
  -------         PROC          TIMER0INIT
  C:08ECH         LINE#         24
  C:08ECH         LINE#         25
  C:08ECH         LINE#         26
  C:08EFH         LINE#         28
  C:08F2H         LINE#         29
  C:08F5H         LINE#         31
  C:08F7H         LINE#         32
  C:08F9H         LINE#         33
  C:08FBH         LINE#         34
  -------         ENDPROC       TIMER0INIT
  -------         PROC          MAIN
  C:0906H         LINE#         36
  C:0906H         LINE#         37
  C:0906H         LINE#         38
  C:0909H         LINE#         39
  C:090CH         LINE#         41
  -------         ENDPROC       MAIN
  -------         PROC          TIMER0
  C:08BCH         LINE#         44
  C:08C0H         LINE#         46
  C:08C3H         LINE#         47
  C:08C6H         LINE#         49
  C:08C8H         LINE#         50
  C:08CAH         LINE#         52
  C:08D1H         LINE#         53
  C:08D1H         LINE#         54
  C:08D4H         LINE#         55
  C:08D7H         LINE#         56
  C:08D7H         LINE#         58
  C:08DEH         LINE#         59
  C:08DEH         LINE#         60
  C:08E1H         LINE#         61
  C:08E4H         LINE#         62
  C:08E4H         LINE#         64
  C:08E7H         LINE#         65
  -------         ENDPROC       TIMER0
  -------         ENDMOD        MAIN

BL51 BANKED LINKER/LOCATER V6.22                                                      09/11/2026  14:54:53  PAGE 4


******************************************************************************
* RESTRICTED VERSION WITH 0800H BYTE CODE SIZE LIMIT; USED: 0093H BYTE ( 7%) *
******************************************************************************

Program Size: data=12.0 xdata=0 code=276
LINK/LOCATE RUN COMPLETE.  0 WARNING(S),  0 ERROR(S)
