BL51 BANKED LINKER/LOCATER V6.22                                                        09/05/2026  13:16:55  PAGE 1


BL51 BANKED LINKER/LOCATER V6.22, INVOKED BY:
D:\KEIL5\C51\BIN\BL51.EXE .\Objects\STARTUP.obj, .\Objects\main.obj TO .\Objects\04_ws PRINT (.\Listings\04_ws.m51) RAMS
>> IZE (256)


MEMORY MODEL: SMALL


INPUT MODULES INCLUDED:
  .\Objects\STARTUP.obj (?C_STARTUP)
  .\Objects\main.obj (MAIN)


LINK MAP OF MODULE:  .\Objects\04_ws (?C_STARTUP)


            TYPE    BASE      LENGTH    RELOCATION   SEGMENT NAME
            -----------------------------------------------------

            * * * * * * *   D A T A   M E M O R Y   * * * * * * *
            REG     0000H     0008H     ABSOLUTE     "REG BANK 0"
            IDATA   0008H     0001H     UNIT         ?STACK

            * * * * * * *   C O D E   M E M O R Y   * * * * * * *
            CODE    0000H     0003H     ABSOLUTE     
                    0003H     07FDH                  *** GAP ***
            CODE    0800H     0034H     UNIT         ?PR?MAIN?MAIN
            CODE    0834H     0016H     UNIT         ?PR?_LED_WRITE?MAIN
            CODE    084AH     0015H     UNIT         ?PR?_DELAY?MAIN
            CODE    085FH     000EH     UNIT         ?PR?DELAY500MS?MAIN
            CODE    086DH     000CH     UNIT         ?C_C51STARTUP
            CODE    0879H     000AH     UNIT         ?PR?DELAY3S?MAIN



OVERLAY MAP OF MODULE:   .\Objects\04_ws (?C_STARTUP)


SEGMENT
  +--> CALLED SEGMENT
---------------------
?C_C51STARTUP
  +--> ?PR?MAIN?MAIN

?PR?MAIN?MAIN
  +--> ?PR?_LED_WRITE?MAIN
  +--> ?PR?DELAY500MS?MAIN
  +--> ?PR?DELAY3S?MAIN

?PR?DELAY500MS?MAIN
  +--> ?PR?_DELAY?MAIN

?PR?DELAY3S?MAIN
  +--> ?PR?DELAY500MS?MAIN



SYMBOL TABLE OF MODULE:  .\Objects\04_ws (?C_STARTUP)
BL51 BANKED LINKER/LOCATER V6.22                                                      09/05/2026  13:16:55  PAGE 2



  VALUE           TYPE          NAME
  ----------------------------------

  -------         MODULE        ?C_STARTUP
  C:086DH         SEGMENT       ?C_C51STARTUP
  I:0008H         SEGMENT       ?STACK
  C:0000H         PUBLIC        ?C_STARTUP
  D:00E0H         SYMBOL        ACC
  D:00F0H         SYMBOL        B
  D:0083H         SYMBOL        DPH
  D:0082H         SYMBOL        DPL
  N:0000H         SYMBOL        IBPSTACK
  N:0100H         SYMBOL        IBPSTACKTOP
  N:0080H         SYMBOL        IDATALEN
  C:0870H         SYMBOL        IDATALOOP
  N:0000H         SYMBOL        PBPSTACK
  N:0100H         SYMBOL        PBPSTACKTOP
  N:0000H         SYMBOL        PDATALEN
  N:0000H         SYMBOL        PDATASTART
  N:0000H         SYMBOL        PPAGE
  N:0000H         SYMBOL        PPAGEENABLE
  D:00A0H         SYMBOL        PPAGE_SFR
  D:0081H         SYMBOL        SP
  C:086DH         SYMBOL        STARTUP1
  N:0000H         SYMBOL        XBPSTACK
  N:0000H         SYMBOL        XBPSTACKTOP
  N:0000H         SYMBOL        XDATALEN
  N:0000H         SYMBOL        XDATASTART
  C:0000H         LINE#         126
  C:086DH         LINE#         133
  C:086FH         LINE#         134
  C:0870H         LINE#         135
  C:0871H         LINE#         136
  C:0873H         LINE#         185
  C:0876H         LINE#         196
  -------         ENDMOD        ?C_STARTUP

  -------         MODULE        MAIN
  C:0000H         SYMBOL        _ICE_DUMMY_
  D:0080H         PUBLIC        P0
  D:0090H         PUBLIC        P1
  D:00A0H         PUBLIC        P2
  D:00B0H         PUBLIC        P3
  D:00A8H         PUBLIC        IE
  C:0879H         PUBLIC        Delay3s
  D:00B8H         PUBLIC        IP
  C:0800H         PUBLIC        main
  D:0098H         PUBLIC        SCON
  D:0088H         PUBLIC        TCON
  C:0834H         PUBLIC        _LED_Write
  D:00C8H         PUBLIC        T2CON
  C:085FH         PUBLIC        Delay500ms
  C:084AH         PUBLIC        _Delay
  D:00D0H         PUBLIC        PSW
  -------         PROC          _DELAY
  D:0006H         SYMBOL        t
BL51 BANKED LINKER/LOCATER V6.22                                                      09/05/2026  13:16:55  PAGE 3


  C:084AH         LINE#         3
  C:084AH         LINE#         4
  C:084AH         LINE#         5
  C:0854H         LINE#         6
  C:085EH         LINE#         7
  -------         ENDPROC       _DELAY
  -------         PROC          DELAY500MS
  C:085FH         LINE#         9
  C:085FH         LINE#         10
  C:085FH         LINE#         11
  C:0866H         LINE#         12
  -------         ENDPROC       DELAY500MS
  -------         PROC          DELAY3S
  -------         DO            
  D:0005H         SYMBOL        i
  -------         ENDDO         
  C:0879H         LINE#         15
  C:0879H         LINE#         16
  C:0879H         LINE#         19
  C:087BH         LINE#         20
  C:087BH         LINE#         21
  C:087EH         LINE#         22
  C:0882H         LINE#         23
  -------         ENDPROC       DELAY3S
  -------         PROC          _LED_WRITE
  D:0007H         SYMBOL        dat
  C:0834H         LINE#         25
  C:0834H         LINE#         26
  C:0834H         LINE#         27
  C:083CH         LINE#         29
  C:083EH         LINE#         31
  C:0846H         LINE#         33
  C:0849H         LINE#         34
  -------         ENDPROC       _LED_WRITE
  -------         PROC          MAIN
  -------         DO            
  D:0003H         SYMBOL        round
  D:0002H         SYMBOL        i
  D:0005H         SYMBOL        led_data
  -------         ENDDO         
  C:0800H         LINE#         36
  C:0800H         LINE#         37
  C:0800H         LINE#         42
  C:0803H         LINE#         43
  C:080BH         LINE#         45
  C:0810H         LINE#         47
  C:0812H         LINE#         48
  C:0812H         LINE#         49
  C:0814H         LINE#         51
  C:0816H         LINE#         52
  C:0816H         LINE#         53
  C:081AH         LINE#         55
  C:081EH         LINE#         57
  C:0821H         LINE#         58
  C:0825H         LINE#         60
  C:082BH         LINE#         61
  C:082BH         LINE#         62
BL51 BANKED LINKER/LOCATER V6.22                                                      09/05/2026  13:16:55  PAGE 4


  C:082EH         LINE#         63
  C:082EH         LINE#         64
  C:0832H         LINE#         66
  -------         ENDPROC       MAIN
  -------         ENDMOD        MAIN

******************************************************************************
* RESTRICTED VERSION WITH 0800H BYTE CODE SIZE LIMIT; USED: 0086H BYTE ( 6%) *
******************************************************************************

Program Size: data=9.0 xdata=0 code=134
LINK/LOCATE RUN COMPLETE.  0 WARNING(S),  0 ERROR(S)
