C51 COMPILER V9.54   MAIN                                                                  09/11/2026 13:34:08 PAGE 1   


C51 COMPILER V9.54, COMPILATION OF MODULE MAIN
OBJECT MODULE PLACED IN .\Objects\main.obj
COMPILER INVOKED BY: D:\Keil5\C51\BIN\C51.EXE main.c OPTIMIZE(8,SPEED) BROWSE DEBUG OBJECTEXTEND PRINT(.\Listings\main.l
                    -st) TABS(2) OBJECT(.\Objects\main.obj)

line level    source

   1          #include <reg52.h>
   2          
   3          void Delay(unsigned int t)
   4          {
   5   1          while(t--);
   6   1          while(t--);
   7   1      }
   8          
   9          void Delay500ms()
  10          {
  11   1          Delay(60000);
  12   1          Delay(60000);
  13   1      }
  14          
  15          void Delay3s()
  16          {
  17   1          unsigned char i;
  18   1      
  19   1          for(i = 0; i < 6; i++)
  20   1          {
  21   2              Delay500ms();
  22   2          }
  23   1      }
  24          
  25          void Display_Init()
  26          {
  27   1          P2 = (P2 & 0x1F) | 0xC0;
  28   1          P0 = 0x00;
  29   1      
  30   1          P2 = (P2 & 0x1F) | 0xE0;
  31   1          P0 = 0xFF;
  32   1      
  33   1          P2 = (P2 & 0x1F) | 0xA0;
  34   1          P0 = 0x00;
  35   1      }
  36          
  37          void LED_Write(unsigned char dat)
  38          {
  39   1          P2 = (P2 & 0x1F) | 0x80;
  40   1          P0 = dat;
  41   1      
  42   1          P2 = (P2 & 0x1F) | 0xA0;
  43   1          P0 = 0x00;
  44   1      }
  45          
  46          void main()
  47          {
  48   1          unsigned char round;
  49   1          unsigned char i;
  50   1          unsigned char led_data;
  51   1      
  52   1          Display_Init();
  53   1      
  54   1          LED_Write(0xFF);
C51 COMPILER V9.54   MAIN                                                                  09/11/2026 13:34:08 PAGE 2   

  55   1      
  56   1          for(round = 0; round < 3; round++)
  57   1          {
  58   2              led_data = 0xFF;
  59   2      
  60   2              for(i = 0; i < 8; i++)
  61   2              {
  62   3                  led_data = led_data << 1;
  63   3      
  64   3                  LED_Write(led_data);
  65   3      
  66   3                  Delay500ms();
  67   3              }
  68   2      
  69   2              if(round < 2)
  70   2              {
  71   3                  Delay3s();
  72   3              }
  73   2          }
  74   1      
  75   1          while(1);
  76   1      }


MODULE INFORMATION:   STATIC OVERLAYABLE
   CODE SIZE        =    145    ----
   CONSTANT SIZE    =   ----    ----
   XDATA SIZE       =   ----    ----
   PDATA SIZE       =   ----    ----
   DATA SIZE        =   ----    ----
   IDATA SIZE       =   ----    ----
   BIT SIZE         =   ----    ----
END OF MODULE INFORMATION.


C51 COMPILATION COMPLETE.  0 WARNING(S),  0 ERROR(S)
