C51 COMPILER V9.54   MAIN                                                                  09/05/2026 13:16:55 PAGE 1   


C51 COMPILER V9.54, COMPILATION OF MODULE MAIN
OBJECT MODULE PLACED IN .\Objects\main.obj
COMPILER INVOKED BY: D:\Keil5\C51\BIN\C51.EXE main.c OPTIMIZE(8,SPEED) BROWSE DEBUG OBJECTEXTEND PRINT(.\Listings\main.l
                    -st) TABS(2) OBJECT(.\Objects\main.obj)

line level    source

   1          #include <reg52.h>
   2          
   3          void Delay(unsigned int t)
   4          {
   5   1          while(t--);
   6   1          while(t--);
   7   1      }
   8          
   9          void Delay500ms()
  10          {
  11   1          Delay(60000);
  12   1          Delay(60000);
  13   1      }
  14          
  15          void Delay3s()
  16          {
  17   1          unsigned char i;
  18   1      
  19   1          for(i = 0; i < 6; i++)
  20   1          {
  21   2              Delay500ms();
  22   2          }
  23   1      }
  24          
  25          void LED_Write(unsigned char dat)
  26          {
  27   1          P2 = (P2 & 0x1F) | 0x80;
  28   1      
  29   1          P0 = dat;
  30   1      
  31   1          P2 = (P2 & 0x1F) | 0xA0;
  32   1      
  33   1          P0 = 0x00;
  34   1      }
  35          
  36          void main()
  37          {
  38   1          unsigned char round;
  39   1          unsigned char i;
  40   1          unsigned char led_data;
  41   1      
  42   1          P0 = 0x00;
  43   1          P2 = (P2 & 0x1F) | 0xA0;
  44   1      
  45   1          LED_Write(0xFF);
  46   1      
  47   1          for(round = 0; round < 3; round++)
  48   1          {
  49   2              led_data = 0xFF;
  50   2      
  51   2              for(i = 0; i < 8; i++)
  52   2              {
  53   3                  led_data = led_data << 1;
  54   3      
C51 COMPILER V9.54   MAIN                                                                  09/05/2026 13:16:55 PAGE 2   

  55   3                  LED_Write(led_data);
  56   3      
  57   3                  Delay500ms();
  58   3              }
  59   2      
  60   2              if(round < 2)
  61   2              {
  62   3                  Delay3s();
  63   3              }
  64   2          }
  65   1      
  66   1          while(1);
  67   1      }


MODULE INFORMATION:   STATIC OVERLAYABLE
   CODE SIZE        =    119    ----
   CONSTANT SIZE    =   ----    ----
   XDATA SIZE       =   ----    ----
   PDATA SIZE       =   ----    ----
   DATA SIZE        =   ----    ----
   IDATA SIZE       =   ----    ----
   BIT SIZE         =   ----    ----
END OF MODULE INFORMATION.


C51 COMPILATION COMPLETE.  0 WARNING(S),  0 ERROR(S)
