BL51 BANKED LINKER/LOCATER V6.22                                                        09/05/2026  12:57:17  PAGE 1


BL51 BANKED LINKER/LOCATER V6.22, INVOKED BY:
D:\KEIL5\C51\BIN\BL51.EXE .\Objects\STARTUP.obj, .\Objects\main.obj TO .\Objects\01_ws PRINT (.\Listings\01_ws.m51) RAMS
>> IZE (256)


MEMORY MODEL: SMALL


INPUT MODULES INCLUDED:
  .\Objects\STARTUP.obj (?C_STARTUP)
  .\Objects\main.obj (MAIN)


LINK MAP OF MODULE:  .\Objects\01_ws (?C_STARTUP)


            TYPE    BASE      LENGTH    RELOCATION   SEGMENT NAME
            -----------------------------------------------------

            * * * * * * *   D A T A   M E M O R Y   * * * * * * *
            REG     0000H     0008H     ABSOLUTE     "REG BANK 0"
            IDATA   0008H     0001H     UNIT         ?STACK

            * * * * * * *   C O D E   M E M O R Y   * * * * * * *
            CODE    0000H     0003H     ABSOLUTE     
                    0003H     07FDH                  *** GAP ***
            CODE    0800H     0025H     UNIT         ?PR?MAIN?MAIN
            CODE    0825H     001DH     UNIT         ?PR?DELAY?MAIN
            CODE    0842H     0012H     UNIT         ?PR?_LED_WRITE?MAIN
            CODE    0854H     000CH     UNIT         ?C_C51STARTUP



OVERLAY MAP OF MODULE:   .\Objects\01_ws (?C_STARTUP)


SEGMENT
  +--> CALLED SEGMENT
---------------------
?C_C51STARTUP
  +--> ?PR?MAIN?MAIN

?PR?MAIN?MAIN
  +--> ?PR?_LED_WRITE?MAIN
  +--> ?PR?DELAY?MAIN



SYMBOL TABLE OF MODULE:  .\Objects\01_ws (?C_STARTUP)

  VALUE           TYPE          NAME
  ----------------------------------

  -------         MODULE        ?C_STARTUP
  C:0854H         SEGMENT       ?C_C51STARTUP
  I:0008H         SEGMENT       ?STACK
  C:0000H         PUBLIC        ?C_STARTUP
  D:00E0H         SYMBOL        ACC
BL51 BANKED LINKER/LOCATER V6.22                                                      09/05/2026  12:57:17  PAGE 2


  D:00F0H         SYMBOL        B
  D:0083H         SYMBOL        DPH
  D:0082H         SYMBOL        DPL
  N:0000H         SYMBOL        IBPSTACK
  N:0100H         SYMBOL        IBPSTACKTOP
  N:0080H         SYMBOL        IDATALEN
  C:0857H         SYMBOL        IDATALOOP
  N:0000H         SYMBOL        PBPSTACK
  N:0100H         SYMBOL        PBPSTACKTOP
  N:0000H         SYMBOL        PDATALEN
  N:0000H         SYMBOL        PDATASTART
  N:0000H         SYMBOL        PPAGE
  N:0000H         SYMBOL        PPAGEENABLE
  D:00A0H         SYMBOL        PPAGE_SFR
  D:0081H         SYMBOL        SP
  C:0854H         SYMBOL        STARTUP1
  N:0000H         SYMBOL        XBPSTACK
  N:0000H         SYMBOL        XBPSTACKTOP
  N:0000H         SYMBOL        XDATALEN
  N:0000H         SYMBOL        XDATASTART
  C:0000H         LINE#         126
  C:0854H         LINE#         133
  C:0856H         LINE#         134
  C:0857H         LINE#         135
  C:0858H         LINE#         136
  C:085AH         LINE#         185
  C:085DH         LINE#         196
  -------         ENDMOD        ?C_STARTUP

  -------         MODULE        MAIN
  C:0000H         SYMBOL        _ICE_DUMMY_
  D:0080H         PUBLIC        P0
  D:0090H         PUBLIC        P1
  D:00A0H         PUBLIC        P2
  D:00B0H         PUBLIC        P3
  D:00A8H         PUBLIC        IE
  C:0825H         PUBLIC        delay
  D:00B8H         PUBLIC        IP
  C:0800H         PUBLIC        main
  D:0098H         PUBLIC        SCON
  D:0088H         PUBLIC        TCON
  C:0842H         PUBLIC        _LED_Write
  B:00A0H.5       PUBLIC        HC138_A
  B:00A0H.6       PUBLIC        HC138_B
  B:00A0H.7       PUBLIC        HC138_C
  D:00C8H         PUBLIC        T2CON
  D:00D0H         PUBLIC        PSW
  -------         PROC          DELAY
  -------         DO            
  D:0006H         SYMBOL        i
  D:0004H         SYMBOL        j
  -------         ENDDO         
  C:0825H         LINE#         7
  C:0825H         LINE#         8
  C:0825H         LINE#         11
  C:0828H         LINE#         12
  C:0828H         LINE#         13
BL51 BANKED LINKER/LOCATER V6.22                                                      09/05/2026  12:57:17  PAGE 3


  C:0836H         LINE#         14
  C:0841H         LINE#         15
  -------         ENDPROC       DELAY
  -------         PROC          _LED_WRITE
  D:0007H         SYMBOL        dat
  C:0842H         LINE#         17
  C:0842H         LINE#         18
  C:0842H         LINE#         19
  C:0844H         LINE#         20
  C:0846H         LINE#         21
  C:0848H         LINE#         23
  C:084AH         LINE#         25
  C:084CH         LINE#         26
  C:084EH         LINE#         27
  C:0850H         LINE#         29
  C:0853H         LINE#         30
  -------         ENDPROC       _LED_WRITE
  -------         PROC          MAIN
  -------         DO            
  D:0003H         SYMBOL        i
  -------         ENDDO         
  C:0800H         LINE#         32
  C:0800H         LINE#         33
  C:0800H         LINE#         36
  C:0803H         LINE#         38
  C:0805H         LINE#         39
  C:0807H         LINE#         40
  C:0809H         LINE#         42
  C:080AH         LINE#         43
  C:080AH         LINE#         44
  C:080FH         LINE#         45
  C:0812H         LINE#         47
  C:0817H         LINE#         48
  C:081AH         LINE#         49
  C:081EH         LINE#         51
  C:0823H         LINE#         53
  -------         ENDPROC       MAIN
  -------         ENDMOD        MAIN

******************************************************************************
* RESTRICTED VERSION WITH 0800H BYTE CODE SIZE LIMIT; USED: 0063H BYTE ( 4%) *
******************************************************************************

Program Size: data=9.0 xdata=0 code=99
LINK/LOCATE RUN COMPLETE.  0 WARNING(S),  0 ERROR(S)
