BL51 BANKED LINKER/LOCATER V6.22                                                        09/11/2026  13:40:43  PAGE 1


BL51 BANKED LINKER/LOCATER V6.22, INVOKED BY:
D:\KEIL5\C51\BIN\BL51.EXE .\Objects\STARTUP.obj, .\Objects\main.obj TO .\Objects\01_ws PRINT (.\Listings\01_ws.m51) RAMS
>> IZE (256)


MEMORY MODEL: SMALL


INPUT MODULES INCLUDED:
  .\Objects\STARTUP.obj (?C_STARTUP)
  .\Objects\main.obj (MAIN)


LINK MAP OF MODULE:  .\Objects\01_ws (?C_STARTUP)


            TYPE    BASE      LENGTH    RELOCATION   SEGMENT NAME
            -----------------------------------------------------

            * * * * * * *   D A T A   M E M O R Y   * * * * * * *
            REG     0000H     0008H     ABSOLUTE     "REG BANK 0"
            IDATA   0008H     0001H     UNIT         ?STACK

            * * * * * * *   C O D E   M E M O R Y   * * * * * * *
            CODE    0000H     0003H     ABSOLUTE     
                    0003H     07FDH                  *** GAP ***
            CODE    0800H     002DH     UNIT         ?PR?SYSTEM_INIT?MAIN
            CODE    082DH     0020H     UNIT         ?PR?MAIN?MAIN
            CODE    084DH     001DH     UNIT         ?PR?DELAY?MAIN
            CODE    086AH     0016H     UNIT         ?PR?_LED_WRITE?MAIN
            CODE    0880H     000CH     UNIT         ?C_C51STARTUP



OVERLAY MAP OF MODULE:   .\Objects\01_ws (?C_STARTUP)


SEGMENT
  +--> CALLED SEGMENT
---------------------
?C_C51STARTUP
  +--> ?PR?MAIN?MAIN

?PR?MAIN?MAIN
  +--> ?PR?SYSTEM_INIT?MAIN
  +--> ?PR?_LED_WRITE?MAIN
  +--> ?PR?DELAY?MAIN



SYMBOL TABLE OF MODULE:  .\Objects\01_ws (?C_STARTUP)

  VALUE           TYPE          NAME
  ----------------------------------

  -------         MODULE        ?C_STARTUP
  C:0880H         SEGMENT       ?C_C51STARTUP
  I:0008H         SEGMENT       ?STACK
BL51 BANKED LINKER/LOCATER V6.22                                                      09/11/2026  13:40:43  PAGE 2


  C:0000H         PUBLIC        ?C_STARTUP
  D:00E0H         SYMBOL        ACC
  D:00F0H         SYMBOL        B
  D:0083H         SYMBOL        DPH
  D:0082H         SYMBOL        DPL
  N:0000H         SYMBOL        IBPSTACK
  N:0100H         SYMBOL        IBPSTACKTOP
  N:0080H         SYMBOL        IDATALEN
  C:0883H         SYMBOL        IDATALOOP
  N:0000H         SYMBOL        PBPSTACK
  N:0100H         SYMBOL        PBPSTACKTOP
  N:0000H         SYMBOL        PDATALEN
  N:0000H         SYMBOL        PDATASTART
  N:0000H         SYMBOL        PPAGE
  N:0000H         SYMBOL        PPAGEENABLE
  D:00A0H         SYMBOL        PPAGE_SFR
  D:0081H         SYMBOL        SP
  C:0880H         SYMBOL        STARTUP1
  N:0000H         SYMBOL        XBPSTACK
  N:0000H         SYMBOL        XBPSTACKTOP
  N:0000H         SYMBOL        XDATALEN
  N:0000H         SYMBOL        XDATASTART
  C:0000H         LINE#         126
  C:0880H         LINE#         133
  C:0882H         LINE#         134
  C:0883H         LINE#         135
  C:0884H         LINE#         136
  C:0886H         LINE#         185
  C:0889H         LINE#         196
  -------         ENDMOD        ?C_STARTUP

  -------         MODULE        MAIN
  C:0000H         SYMBOL        _ICE_DUMMY_
  C:0800H         PUBLIC        System_Init
  D:0080H         PUBLIC        P0
  D:0090H         PUBLIC        P1
  D:00A0H         PUBLIC        P2
  D:00B0H         PUBLIC        P3
  D:00A8H         PUBLIC        IE
  C:084DH         PUBLIC        delay
  D:00B8H         PUBLIC        IP
  C:082DH         PUBLIC        main
  D:0098H         PUBLIC        SCON
  D:0088H         PUBLIC        TCON
  C:086AH         PUBLIC        _LED_Write
  D:00C8H         PUBLIC        T2CON
  D:00D0H         PUBLIC        PSW
  -------         PROC          DELAY
  -------         DO            
  D:0006H         SYMBOL        i
  D:0004H         SYMBOL        j
  -------         ENDDO         
  C:084DH         LINE#         3
  C:084DH         LINE#         4
  C:084DH         LINE#         7
  C:0850H         LINE#         8
  C:0850H         LINE#         9
BL51 BANKED LINKER/LOCATER V6.22                                                      09/11/2026  13:40:43  PAGE 3


  C:085EH         LINE#         10
  C:0869H         LINE#         11
  -------         ENDPROC       DELAY
  -------         PROC          SYSTEM_INIT
  C:0800H         LINE#         13
  C:0800H         LINE#         14
  C:0800H         LINE#         15
  C:0808H         LINE#         16
  C:080BH         LINE#         18
  C:0813H         LINE#         19
  C:0816H         LINE#         21
  C:081EH         LINE#         22
  C:0821H         LINE#         24
  C:0829H         LINE#         25
  C:082CH         LINE#         26
  -------         ENDPROC       SYSTEM_INIT
  -------         PROC          _LED_WRITE
  D:0007H         SYMBOL        dat
  C:086AH         LINE#         28
  C:086AH         LINE#         29
  C:086AH         LINE#         30
  C:0872H         LINE#         31
  C:0874H         LINE#         33
  C:087CH         LINE#         34
  C:087FH         LINE#         35
  -------         ENDPROC       _LED_WRITE
  -------         PROC          MAIN
  -------         DO            
  D:0003H         SYMBOL        i
  -------         ENDDO         
  C:082DH         LINE#         37
  C:082DH         LINE#         38
  C:082DH         LINE#         41
  C:0830H         LINE#         43
  C:0832H         LINE#         44
  C:0832H         LINE#         45
  C:0837H         LINE#         46
  C:083AH         LINE#         48
  C:083FH         LINE#         49
  C:0842H         LINE#         50
  C:0846H         LINE#         52
  C:084BH         LINE#         54
  -------         ENDPROC       MAIN
  -------         ENDMOD        MAIN

******************************************************************************
* RESTRICTED VERSION WITH 0800H BYTE CODE SIZE LIMIT; USED: 008FH BYTE ( 6%) *
******************************************************************************

Program Size: data=9.0 xdata=0 code=143
LINK/LOCATE RUN COMPLETE.  0 WARNING(S),  0 ERROR(S)
