C51 COMPILER V9.54   MAIN                                                                  09/11/2026 13:40:43 PAGE 1   


C51 COMPILER V9.54, COMPILATION OF MODULE MAIN
OBJECT MODULE PLACED IN .\Objects\main.obj
COMPILER INVOKED BY: D:\Keil5\C51\BIN\C51.EXE main.c OPTIMIZE(8,SPEED) BROWSE DEBUG OBJECTEXTEND PRINT(.\Listings\main.l
                    -st) TABS(2) OBJECT(.\Objects\main.obj)

line level    source

   1          #include <reg52.h>
   2          
   3          void delay()
   4          {
   5   1          unsigned int i, j;
   6   1      
   7   1          for(i = 0; i < 500; i++)
   8   1          {
   9   2              for(j = 0; j < 120; j++);
  10   2          }
  11   1      }
  12          
  13          void System_Init()
  14          {
  15   1          P2 = (P2 & 0x1F) | 0xE0;
  16   1          P0 = 0xFF;
  17   1      
  18   1          P2 = (P2 & 0x1F) | 0xC0;
  19   1          P0 = 0x00;
  20   1      
  21   1          P2 = (P2 & 0x1F) | 0x80;
  22   1          P0 = 0xFF;
  23   1      
  24   1          P2 = (P2 & 0x1F) | 0xA0;
  25   1          P0 = 0x00;
  26   1      }
  27          
  28          void LED_Write(unsigned char dat)
  29          {
  30   1          P2 = (P2 & 0x1F) | 0x80;
  31   1          P0 = dat;
  32   1      
  33   1          P2 = (P2 & 0x1F) | 0xA0;
  34   1          P0 = 0x00;
  35   1      }
  36          
  37          void main()
  38          {
  39   1          unsigned char i;
  40   1      
  41   1          System_Init();
  42   1      
  43   1          for(i = 0; i < 3; i++)
  44   1          {
  45   2              LED_Write(0x00);
  46   2              delay();
  47   2      
  48   2              LED_Write(0xFF);
  49   2              delay();
  50   2          }
  51   1      
  52   1          LED_Write(0xFF);
  53   1      
  54   1          while(1);
C51 COMPILER V9.54   MAIN                                                                  09/11/2026 13:40:43 PAGE 2   

  55   1      }


MODULE INFORMATION:   STATIC OVERLAYABLE
   CODE SIZE        =    128    ----
   CONSTANT SIZE    =   ----    ----
   XDATA SIZE       =   ----    ----
   PDATA SIZE       =   ----    ----
   DATA SIZE        =   ----    ----
   IDATA SIZE       =   ----    ----
   BIT SIZE         =   ----    ----
END OF MODULE INFORMATION.


C51 COMPILATION COMPLETE.  0 WARNING(S),  0 ERROR(S)
