C51 COMPILER V9.54   MAIN                                                                  09/05/2026 12:57:17 PAGE 1   


C51 COMPILER V9.54, COMPILATION OF MODULE MAIN
OBJECT MODULE PLACED IN .\Objects\main.obj
COMPILER INVOKED BY: D:\Keil5\C51\BIN\C51.EXE main.c OPTIMIZE(8,SPEED) BROWSE DEBUG OBJECTEXTEND PRINT(.\Listings\main.l
                    -st) TABS(2) OBJECT(.\Objects\main.obj)

line level    source

   1          #include <reg52.h>
   2          
   3          sbit HC138_A = P2^5;
   4          sbit HC138_B = P2^6;
   5          sbit HC138_C = P2^7;
   6          
   7          void delay()
   8          {
   9   1          unsigned int i, j;
  10   1      
  11   1          for(i = 0; i < 500; i++)
  12   1          {
  13   2              for(j = 0; j < 120; j++);
  14   2          }
  15   1      }
  16          
  17          void LED_Write(unsigned char dat)
  18          {
  19   1          HC138_C = 1;
  20   1          HC138_B = 0;
  21   1          HC138_A = 0;
  22   1      
  23   1          P0 = dat;
  24   1      
  25   1          HC138_C = 1;
  26   1          HC138_B = 0;
  27   1          HC138_A = 1;
  28   1      
  29   1          P0 = 0x00;
  30   1      }
  31          
  32          void main()
  33          {
  34   1          unsigned char i;
  35   1      
  36   1          P0 = 0x00;
  37   1      
  38   1          HC138_C = 1;
  39   1          HC138_B = 0;
  40   1          HC138_A = 1;
  41   1      
  42   1          for(i = 0; i < 3; i++)
  43   1          {
  44   2              LED_Write(0x00);
  45   2              delay();
  46   2      
  47   2              LED_Write(0xFF);
  48   2              delay();
  49   2          }
  50   1      
  51   1          LED_Write(0xFF);
  52   1      
  53   1          while(1);
  54   1      }
C51 COMPILER V9.54   MAIN                                                                  09/05/2026 12:57:17 PAGE 2   



MODULE INFORMATION:   STATIC OVERLAYABLE
   CODE SIZE        =     84    ----
   CONSTANT SIZE    =   ----    ----
   XDATA SIZE       =   ----    ----
   PDATA SIZE       =   ----    ----
   DATA SIZE        =   ----    ----
   IDATA SIZE       =   ----    ----
   BIT SIZE         =   ----    ----
END OF MODULE INFORMATION.


C51 COMPILATION COMPLETE.  0 WARNING(S),  0 ERROR(S)
