C51 COMPILER V9.54   MAIN                                                                  09/30/2026 14:29:18 PAGE 1   


C51 COMPILER V9.54, COMPILATION OF MODULE MAIN
OBJECT MODULE PLACED IN .\Objects\main.obj
COMPILER INVOKED BY: D:\Keil5\C51\BIN\C51.EXE main.c OPTIMIZE(8,SPEED) BROWSE DEBUG OBJECTEXTEND PRINT(.\Listings\main.l
                    -st) TABS(2) OBJECT(.\Objects\main.obj)

line level    source

   1          #include <reg52.h>
   2          #include <intrins.h>
   3          #include <stdio.h>
   4          
   5          sfr AUXR = 0x8E;
   6          
   7          sbit SDA = P2^1;
   8          sbit SCL = P2^0;
   9          
  10          #define LDR 0x41
  11          #define VA  0x43
  12          #define DELAY_TIME 5
  13          
  14          unsigned char pos = 0;
  15          char string[10];
  16          unsigned char buf[8] = {0xFF,0xFF,0xFF,0xFF,0xFF,0xFF,0xFF,0xFF};
  17          unsigned char delay_seg = 0;
  18          unsigned char ADC_value = 0;
  19          
  20          void I2CDelay(void)
  21          {
  22   1          unsigned char i;
  23   1          for(i = 0; i < DELAY_TIME; i++)
  24   1          {
  25   2              _nop_();
  26   2          }
  27   1      }
  28          
  29          void I2CStart(void)
  30          {
  31   1          SDA = 1;
  32   1          SCL = 1;
  33   1          I2CDelay();
  34   1          SDA = 0;
  35   1          I2CDelay();
  36   1          SCL = 0;
  37   1          I2CDelay();
  38   1      }
  39          
  40          void I2CStop(void)
  41          {
  42   1          SDA = 0;
  43   1          SCL = 0;
  44   1          I2CDelay();
  45   1          SCL = 1;
  46   1          I2CDelay();
  47   1          SDA = 1;
  48   1          I2CDelay();
  49   1      }
  50          
  51          void I2CSendByte(unsigned char dat)
  52          {
  53   1          unsigned char i;
  54   1      
C51 COMPILER V9.54   MAIN                                                                  09/30/2026 14:29:18 PAGE 2   

  55   1          for(i = 0; i < 8; i++)
  56   1          {
  57   2              SDA = (dat & 0x80) ? 1 : 0;
  58   2              I2CDelay();
  59   2              SCL = 1;
  60   2              I2CDelay();
  61   2              SCL = 0;
  62   2              I2CDelay();
  63   2              dat <<= 1;
  64   2          }
  65   1      
  66   1          SDA = 1;
  67   1      }
  68          
  69          bit I2CWaitAck(void)
  70          {
  71   1          bit ack;
  72   1      
  73   1          SDA = 1;
  74   1          I2CDelay();
  75   1          SCL = 1;
  76   1          I2CDelay();
  77   1          ack = SDA;
  78   1          SCL = 0;
  79   1          I2CDelay();
  80   1      
  81   1          return ack;
  82   1      }
  83          
  84          unsigned char I2CReceiveByte(void)
  85          {
  86   1          unsigned char i;
  87   1          unsigned char dat = 0;
  88   1      
  89   1          SDA = 1;
  90   1      
  91   1          for(i = 0; i < 8; i++)
  92   1          {
  93   2              SCL = 1;
  94   2              I2CDelay();
  95   2              dat <<= 1;
  96   2      
  97   2              if(SDA)
  98   2              {
  99   3                  dat |= 0x01;
 100   3              }
 101   2      
 102   2              SCL = 0;
 103   2              I2CDelay();
 104   2          }
 105   1      
 106   1          return dat;
 107   1      }
 108          
 109          void I2CSendAck(bit ack)
 110          {
 111   1          SDA = ack;
 112   1          I2CDelay();
 113   1          SCL = 1;
 114   1          I2CDelay();
 115   1          SCL = 0;
 116   1          I2CDelay();
C51 COMPILER V9.54   MAIN                                                                  09/30/2026 14:29:18 PAGE 3   

 117   1          SDA = 1;
 118   1      }
 119          
 120          unsigned char PCF8591_ADC(unsigned char addr)
 121          {
 122   1          unsigned char temp;
 123   1      
 124   1          I2CStart();
 125   1          I2CSendByte(0x90);
 126   1          I2CWaitAck();
 127   1      
 128   1          I2CSendByte(addr);
 129   1          I2CWaitAck();
 130   1      
 131   1          I2CStart();
 132   1          I2CSendByte(0x91);
 133   1          I2CWaitAck();
 134   1      
 135   1          temp = I2CReceiveByte();
 136   1          I2CSendAck(1);
 137   1          I2CStop();
 138   1      
 139   1          return temp;
 140   1      }
 141          
 142          void InitSystem(void)
 143          {
 144   1          P0 = 0xFF;
 145   1          P2 = (P2 & 0x1F) | 0x80;
 146   1          P2 &= 0x1F;
 147   1      
 148   1          P0 = 0x00;
 149   1          P2 = (P2 & 0x1F) | 0xA0;
 150   1          P2 &= 0x1F;
 151   1      
 152   1          P0 = 0x00;
 153   1          P2 = (P2 & 0x1F) | 0xC0;
 154   1          P2 &= 0x1F;
 155   1      
 156   1          P0 = 0xFF;
 157   1          P2 = (P2 & 0x1F) | 0xE0;
 158   1          P2 &= 0x1F;
 159   1      }
 160          
 161          void Timer1Init(void)
 162          {
 163   1          AUXR &= 0xBF;
 164   1          TMOD &= 0x0F;
 165   1          TL1 = 0x18;
 166   1          TH1 = 0xFC;
 167   1          TF1 = 0;
 168   1          TR1 = 1;
 169   1          ET1 = 1;
 170   1      }
 171          
 172          void Display_Seg(unsigned char p, unsigned char *b)
 173          {
 174   1          P0 = 0xFF;
 175   1          P2 = (P2 & 0x1F) | 0xE0;
 176   1          P2 &= 0x1F;
 177   1      
 178   1          P0 = 0x01 << p;
C51 COMPILER V9.54   MAIN                                                                  09/30/2026 14:29:18 PAGE 4   

 179   1          P2 = (P2 & 0x1F) | 0xC0;
 180   1          P2 &= 0x1F;
 181   1      
 182   1          P0 = b[p];
 183   1          P2 = (P2 & 0x1F) | 0xE0;
 184   1          P2 &= 0x1F;
 185   1      }
 186          
 187          void Tran_string(char *str, unsigned char *b)
 188          {
 189   1          unsigned char i = 0;
 190   1          unsigned char j = 0;
 191   1          unsigned char temp;
 192   1      
 193   1          for(i = 0; i < 8; i++, j++)
 194   1          {
 195   2              switch(str[j])
 196   2              {
 197   3                  case '0': temp = 0xC0; break;
 198   3                  case '1': temp = 0xF9; break;
 199   3                  case '2': temp = 0xA4; break;
 200   3                  case '3': temp = 0xB0; break;
 201   3                  case '4': temp = 0x99; break;
 202   3                  case '5': temp = 0x92; break;
 203   3                  case '6': temp = 0x82; break;
 204   3                  case '7': temp = 0xF8; break;
 205   3                  case '8': temp = 0x80; break;
 206   3                  case '9': temp = 0x90; break;
 207   3                  case 'A': temp = 0x88; break;
 208   3                  case 'B': temp = 0x83; break;
 209   3                  case 'C': temp = 0xC6; break;
 210   3                  case 'D': temp = 0xA1; break;
 211   3                  case 'E': temp = 0x86; break;
 212   3                  case 'F': temp = 0x8E; break;
 213   3                  case '.': temp = 0x7F; break;
 214   3                  case '-': temp = 0xBF; break;
 215   3                  default: temp = 0xFF; break;
 216   3              }
 217   2      
 218   2              if(str[j + 1] == '.')
 219   2              {
 220   3                  temp &= 0x7F;
 221   3                  j++;
 222   3              }
 223   2      
 224   2              b[i] = temp;
 225   2          }
 226   1      }
 227          
 228          void UpdateADCDisplay(void)
 229          {
 230   1          ADC_value = PCF8591_ADC(VA);
 231   1          sprintf(string, "-----%03u", (unsigned int)ADC_value);
 232   1          Tran_string(string, buf);
 233   1      }
 234          
 235          void Seg_Process(void)
 236          {
 237   1          if(delay_seg)
 238   1          {
 239   2              return;
 240   2          }
C51 COMPILER V9.54   MAIN                                                                  09/30/2026 14:29:18 PAGE 5   

 241   1      
 242   1          delay_seg = 1;
 243   1          UpdateADCDisplay();
 244   1      }
 245          
 246          void ServiceTimer1(void) interrupt 3
 247          {
 248   1          if(++delay_seg == 200)
 249   1          {
 250   2              delay_seg = 0;
 251   2          }
 252   1      
 253   1          if(++pos == 8)
 254   1          {
 255   2              pos = 0;
 256   2          }
 257   1      
 258   1          Display_Seg(pos, buf);
 259   1      }
 260          
 261          void main(void)
 262          {
 263   1          InitSystem();
 264   1      
 265   1          SDA = 1;
 266   1          SCL = 1;
 267   1      
 268   1          UpdateADCDisplay();
 269   1          delay_seg = 1;
 270   1      
 271   1          Timer1Init();
 272   1          EA = 1;
 273   1      
 274   1          while(1)
 275   1          {
 276   2              Seg_Process();
 277   2          }
 278   1      }


MODULE INFORMATION:   STATIC OVERLAYABLE
   CODE SIZE        =    712    ----
   CONSTANT SIZE    =     10    ----
   XDATA SIZE       =   ----    ----
   PDATA SIZE       =   ----    ----
   DATA SIZE        =     21       9
   IDATA SIZE       =   ----    ----
   BIT SIZE         =   ----       2
END OF MODULE INFORMATION.


C51 COMPILATION COMPLETE.  0 WARNING(S),  0 ERROR(S)
