BL51 BANKED LINKER/LOCATER V6.22                                                        09/11/2026  14:42:44  PAGE 1


BL51 BANKED LINKER/LOCATER V6.22, INVOKED BY:
D:\KEIL5\C51\BIN\BL51.EXE .\Objects\STARTUP.obj, .\Objects\main.obj TO .\Objects\06_ws PRINT (.\Listings\06_ws.m51) RAMS
>> IZE (256)


MEMORY MODEL: SMALL


INPUT MODULES INCLUDED:
  .\Objects\STARTUP.obj (?C_STARTUP)
  .\Objects\main.obj (MAIN)


LINK MAP OF MODULE:  .\Objects\06_ws (?C_STARTUP)


            TYPE    BASE      LENGTH    RELOCATION   SEGMENT NAME
            -----------------------------------------------------

            * * * * * * *   D A T A   M E M O R Y   * * * * * * *
            REG     0000H     0008H     ABSOLUTE     "REG BANK 0"
            DATA    0008H     0002H     UNIT         ?DT?MAIN
            IDATA   000AH     0001H     UNIT         ?STACK

            * * * * * * *   C O D E   M E M O R Y   * * * * * * *
            CODE    0000H     0003H     ABSOLUTE     
                    0003H     0008H                  *** GAP ***
            CODE    000BH     0003H     ABSOLUTE     
                    000EH     07F2H                  *** GAP ***
            CODE    0800H     0033H     UNIT         ?PR?INITBOARD?MAIN
            CODE    0833H     0029H     UNIT         ?PR?TIMER0?MAIN
            CODE    085CH     0010H     UNIT         ?PR?TIMER0INIT?MAIN
            CODE    086CH     000CH     UNIT         ?C_C51STARTUP
            CODE    0878H     0008H     UNIT         ?PR?MAIN?MAIN



OVERLAY MAP OF MODULE:   .\Objects\06_ws (?C_STARTUP)


SEGMENT
  +--> CALLED SEGMENT
---------------------
?C_C51STARTUP
  +--> ?PR?MAIN?MAIN

?PR?MAIN?MAIN
  +--> ?PR?INITBOARD?MAIN
  +--> ?PR?TIMER0INIT?MAIN



SYMBOL TABLE OF MODULE:  .\Objects\06_ws (?C_STARTUP)

  VALUE           TYPE          NAME
  ----------------------------------

  -------         MODULE        ?C_STARTUP
BL51 BANKED LINKER/LOCATER V6.22                                                      09/11/2026  14:42:44  PAGE 2


  C:086CH         SEGMENT       ?C_C51STARTUP
  I:000AH         SEGMENT       ?STACK
  C:0000H         PUBLIC        ?C_STARTUP
  D:00E0H         SYMBOL        ACC
  D:00F0H         SYMBOL        B
  D:0083H         SYMBOL        DPH
  D:0082H         SYMBOL        DPL
  N:0000H         SYMBOL        IBPSTACK
  N:0100H         SYMBOL        IBPSTACKTOP
  N:0080H         SYMBOL        IDATALEN
  C:086FH         SYMBOL        IDATALOOP
  N:0000H         SYMBOL        PBPSTACK
  N:0100H         SYMBOL        PBPSTACKTOP
  N:0000H         SYMBOL        PDATALEN
  N:0000H         SYMBOL        PDATASTART
  N:0000H         SYMBOL        PPAGE
  N:0000H         SYMBOL        PPAGEENABLE
  D:00A0H         SYMBOL        PPAGE_SFR
  D:0081H         SYMBOL        SP
  C:086CH         SYMBOL        STARTUP1
  N:0000H         SYMBOL        XBPSTACK
  N:0000H         SYMBOL        XBPSTACKTOP
  N:0000H         SYMBOL        XDATALEN
  N:0000H         SYMBOL        XDATASTART
  C:0000H         LINE#         126
  C:086CH         LINE#         133
  C:086EH         LINE#         134
  C:086FH         LINE#         135
  C:0870H         LINE#         136
  C:0872H         LINE#         185
  C:0875H         LINE#         196
  -------         ENDMOD        ?C_STARTUP

  -------         MODULE        MAIN
  C:0000H         SYMBOL        _ICE_DUMMY_
  D:0080H         PUBLIC        P0
  D:0090H         PUBLIC        P1
  C:0800H         PUBLIC        InitBoard
  D:00A0H         PUBLIC        P2
  D:00B0H         PUBLIC        P3
  B:00A8H.7       PUBLIC        EA
  D:00A8H         PUBLIC        IE
  D:00B8H         PUBLIC        IP
  C:0878H         PUBLIC        main
  D:0008H         PUBLIC        led_data
  C:0833H         PUBLIC        Timer0
  D:0098H         PUBLIC        SCON
  D:0089H         PUBLIC        TMOD
  D:0088H         PUBLIC        TCON
  B:00A8H.1       PUBLIC        ET0
  C:085CH         PUBLIC        Timer0Init
  D:008CH         PUBLIC        TH0
  D:008AH         PUBLIC        TL0
  D:0009H         PUBLIC        num
  B:0088H.4       PUBLIC        TR0
  D:00C8H         PUBLIC        T2CON
  D:00D0H         PUBLIC        PSW
BL51 BANKED LINKER/LOCATER V6.22                                                      09/11/2026  14:42:44  PAGE 3


  -------         PROC          INITBOARD
  C:0800H         LINE#         6
  C:0800H         LINE#         7
  C:0800H         LINE#         8
  C:0803H         LINE#         10
  C:080BH         LINE#         11
  C:080EH         LINE#         13
  C:0816H         LINE#         14
  C:0819H         LINE#         16
  C:0821H         LINE#         17
  C:0824H         LINE#         19
  C:0827H         LINE#         21
  C:082FH         LINE#         22
  C:0832H         LINE#         23
  -------         ENDPROC       INITBOARD
  -------         PROC          TIMER0INIT
  C:085CH         LINE#         25
  C:085CH         LINE#         26
  C:085CH         LINE#         27
  C:085FH         LINE#         29
  C:0862H         LINE#         30
  C:0865H         LINE#         32
  C:0867H         LINE#         33
  C:0869H         LINE#         34
  C:086BH         LINE#         35
  -------         ENDPROC       TIMER0INIT
  -------         PROC          MAIN
  C:0878H         LINE#         37
  C:0878H         LINE#         38
  C:0878H         LINE#         39
  C:087BH         LINE#         40
  C:087EH         LINE#         42
  -------         ENDPROC       MAIN
  -------         PROC          TIMER0
  C:0833H         LINE#         45
  C:0837H         LINE#         47
  C:083AH         LINE#         48
  C:083DH         LINE#         50
  C:083FH         LINE#         52
  C:0846H         LINE#         53
  C:0846H         LINE#         54
  C:0849H         LINE#         56
  C:084CH         LINE#         58
  C:0854H         LINE#         59
  C:0857H         LINE#         60
  C:0857H         LINE#         61
  -------         ENDPROC       TIMER0
  -------         ENDMOD        MAIN

******************************************************************************
* RESTRICTED VERSION WITH 0800H BYTE CODE SIZE LIMIT; USED: 0086H BYTE ( 6%) *
******************************************************************************

Program Size: data=11.0 xdata=0 code=134
LINK/LOCATE RUN COMPLETE.  0 WARNING(S),  0 ERROR(S)
