C51 COMPILER V9.54   MAIN                                                                  09/11/2026 14:42:44 PAGE 1   


C51 COMPILER V9.54, COMPILATION OF MODULE MAIN
OBJECT MODULE PLACED IN .\Objects\main.obj
COMPILER INVOKED BY: D:\Keil5\C51\BIN\C51.EXE main.c OPTIMIZE(8,SPEED) BROWSE DEBUG OBJECTEXTEND PRINT(.\Listings\main.l
                    -st) TABS(2) OBJECT(.\Objects\main.obj)

line level    source

   1          #include <reg52.h>
   2          
   3          unsigned char led_data;
   4          unsigned char num;
   5          
   6          void InitBoard()
   7          {
   8   1          P0 = 0x00;
   9   1      
  10   1          P2 = (P2 & 0x1F) | 0xA0;
  11   1          P0 = 0x00;
  12   1      
  13   1          P2 = (P2 & 0x1F) | 0xE0;
  14   1          P0 = 0xFF;
  15   1      
  16   1          P2 = (P2 & 0x1F) | 0xC0;
  17   1          P0 = 0x00;
  18   1      
  19   1          led_data = 0xFF;
  20   1      
  21   1          P2 = (P2 & 0x1F) | 0x80;
  22   1          P0 = led_data;
  23   1      }
  24          
  25          void Timer0Init()
  26          {
  27   1          TMOD = 0x01;
  28   1      
  29   1          TH0 = (65536 - 50000) / 256;
  30   1          TL0 = (65536 - 50000) % 256;
  31   1      
  32   1          EA = 1;
  33   1          ET0 = 1;
  34   1          TR0 = 1;
  35   1      }
  36          
  37          void main()
  38          {
  39   1          InitBoard();
  40   1          Timer0Init();
  41   1      
  42   1          while(1);
  43   1      }
  44          
  45          void Timer0() interrupt 1
  46          {
  47   1          TH0 = (65536 - 50000) / 256;
  48   1          TL0 = (65536 - 50000) % 256;
  49   1      
  50   1          num++;
  51   1      
  52   1          if(num >= 10)
  53   1          {
  54   2              num = 0;
C51 COMPILER V9.54   MAIN                                                                  09/11/2026 14:42:44 PAGE 2   

  55   2      
  56   2              led_data ^= 0x01;
  57   2      
  58   2              P2 = (P2 & 0x1F) | 0x80;
  59   2              P0 = led_data;
  60   2          }
  61   1      }


MODULE INFORMATION:   STATIC OVERLAYABLE
   CODE SIZE        =    116    ----
   CONSTANT SIZE    =   ----    ----
   XDATA SIZE       =   ----    ----
   PDATA SIZE       =   ----    ----
   DATA SIZE        =      2    ----
   IDATA SIZE       =   ----    ----
   BIT SIZE         =   ----    ----
END OF MODULE INFORMATION.


C51 COMPILATION COMPLETE.  0 WARNING(S),  0 ERROR(S)
